Archive member included to satisfy reference by file (symbol)

.\CortexM3\ARM_GCC_541\Debug\Design01.a(CyLib.o)
                              .\CortexM3\ARM_GCC_541\Debug\Cm3Start.o (CyHalt)
.\CortexM3\ARM_GCC_541\Debug\Design01.a(cyPm.o)
                              .\CortexM3\ARM_GCC_541\Debug\Design01.a(CyLib.o) (CyPmReadStatus)
.\CortexM3\ARM_GCC_541\Debug\Design01.a(UART_tester.o)
                              .\CortexM3\ARM_GCC_541\Debug\Tester.o (UART_tester_Start)
.\CortexM3\ARM_GCC_541\Debug\Design01.a(UART_tester_IntClock.o)
                              .\CortexM3\ARM_GCC_541\Debug\Design01.a(UART_tester.o) (UART_tester_IntClock_Start)
.\CortexM3\ARM_GCC_541\Debug\Design01.a(LED.o)
                              .\CortexM3\ARM_GCC_541\Debug\Tester.o (LED_Write)
.\CortexM3\ARM_GCC_541\Debug\Design01.a(SPIS_1.o)
                              .\CortexM3\ARM_GCC_541\Debug\RaspberryIF.o (SPIS_1_WriteTxData)
.\CortexM3\ARM_GCC_541\Debug\Design01.a(isr_1.o)
                              .\CortexM3\ARM_GCC_541\Debug\RaspberryIF.o (isr_1_StartEx)
.\CortexM3\ARM_GCC_541\Debug\Design01.a(Pin_A1.o)
                              .\CortexM3\ARM_GCC_541\Debug\DispenserIF.o (Pin_A1_Write)
.\CortexM3\ARM_GCC_541\Debug\Design01.a(Pin_B1.o)
                              .\CortexM3\ARM_GCC_541\Debug\DispenserIF.o (Pin_B1_Write)
.\CortexM3\ARM_GCC_541\Debug\Design01.a(Pin_B2.o)
                              .\CortexM3\ARM_GCC_541\Debug\DispenserIF.o (Pin_B2_Write)
.\CortexM3\ARM_GCC_541\Debug\Design01.a(Motor_Calibration_Sensor.o)
                              .\CortexM3\ARM_GCC_541\Debug\Tester.o (Motor_Calibration_Sensor_Write)
.\CortexM3\ARM_GCC_541\Debug\Design01.a(Pin_A2.o)
                              .\CortexM3\ARM_GCC_541\Debug\DispenserIF.o (Pin_A2_Write)
.\CortexM3\ARM_GCC_541\Debug\Design01.a(Pill_Container_Sensor.o)
                              .\CortexM3\ARM_GCC_541\Debug\Tester.o (Pill_Container_Sensor_Write)
.\CortexM3\ARM_GCC_541\Debug\Design01.a(RPI_INT.o)
                              .\CortexM3\ARM_GCC_541\Debug\PSOC_controller.o (RPI_INT_Write)
.\CortexM3\ARM_GCC_541\Debug\Design01.a(Pin_C1.o)
                              .\CortexM3\ARM_GCC_541\Debug\DispenserIF.o (Pin_C1_Write)
.\CortexM3\ARM_GCC_541\Debug\Design01.a(Pin_C2.o)
                              .\CortexM3\ARM_GCC_541\Debug\DispenserIF.o (Pin_C2_Write)
.\CortexM3\ARM_GCC_541\Debug\Design01.a(Pin_D1.o)
                              .\CortexM3\ARM_GCC_541\Debug\DispenserIF.o (Pin_D1_Write)
.\CortexM3\ARM_GCC_541\Debug\Design01.a(Pin_D2.o)
                              .\CortexM3\ARM_GCC_541\Debug\DispenserIF.o (Pin_D2_Write)
.\CortexM3\ARM_GCC_541\Debug\Design01.a(CyBootAsmGnu.o)
                              .\CortexM3\ARM_GCC_541\Debug\cyfitter_cfg.o (CyDelayCycles)
.\CortexM3\ARM_GCC_541\Debug\Design01.a(CyFlash.o)
                              .\CortexM3\ARM_GCC_541\Debug\Design01.a(cyPm.o) (CyFlash_SetWaitCycles)
.\CortexM3\ARM_GCC_541\Debug\Design01.a(CySpc.o)
                              .\CortexM3\ARM_GCC_541\Debug\Design01.a(CyFlash.o) (CySpcStart)
c:/program files (x86)/cypress/psoc creator/4.2/psoc creator/import/gnu/arm/5.4.1/bin/../lib/gcc/arm-none-eabi/9.2.1/thumb/v7-m/nofp\libgcc.a(_arm_addsubdf3.o)
                              .\CortexM3\ARM_GCC_541\Debug\Tester.o (__aeabi_dsub)
c:/program files (x86)/cypress/psoc creator/4.2/psoc creator/import/gnu/arm/5.4.1/bin/../lib/gcc/arm-none-eabi/9.2.1/thumb/v7-m/nofp\libgcc.a(_arm_cmpdf2.o)
                              .\CortexM3\ARM_GCC_541\Debug\DispenserIF.o (__aeabi_dcmpgt)
c:/program files (x86)/cypress/psoc creator/4.2/psoc creator/import/gnu/arm/5.4.1/bin/../lib/gcc/arm-none-eabi/9.2.1/thumb/v7-m/nofp\libgcc.a(_arm_truncdfsf2.o)
                              .\CortexM3\ARM_GCC_541\Debug\Tester.o (__aeabi_d2f)
c:/program files (x86)/cypress/psoc creator/4.2/psoc creator/import/gnu/arm/5.4.1/bin/../lib/gcc/arm-none-eabi/9.2.1/thumb/v7-m/nofp\libgcc.a(_arm_addsubsf3.o)
                              .\CortexM3\ARM_GCC_541\Debug\Tester.o (__aeabi_fadd)
c:/program files (x86)/cypress/psoc creator/4.2/psoc creator/import/gnu/arm/5.4.1/bin/../lib/gcc/arm-none-eabi/9.2.1/thumb/v7-m/nofp\libgcc.a(_arm_cmpsf2.o)
                              .\CortexM3\ARM_GCC_541\Debug\main.o (__aeabi_fcmpeq)
c:/program files (x86)/cypress/psoc creator/4.2/psoc creator/import/gnu/arm/5.4.1/bin/../lib/gcc/arm-none-eabi/9.2.1/../../../../arm-none-eabi/lib/thumb/v7-m/nofp\libg_nano.a(lib_a-calloc.o)
                              .\CortexM3\ARM_GCC_541\Debug\RaspberryIF.o (calloc)
c:/program files (x86)/cypress/psoc creator/4.2/psoc creator/import/gnu/arm/5.4.1/bin/../lib/gcc/arm-none-eabi/9.2.1/../../../../arm-none-eabi/lib/thumb/v7-m/nofp\libg_nano.a(lib_a-errno.o)
                              .\CortexM3\ARM_GCC_541\Debug\Cm3Start.o (__errno)
[...]
Memory Configuration

Name             Origin             Length             Attributes
rom              0x00000000         0x00040000         xr
ram              0x1fff8000         0x00010000         xrw
*default*        0x00000000         0xffffffff

Linker script and memory map

LOAD c:/program files (x86)/cypress/psoc creator/4.2/psoc creator/import/gnu/arm/5.4.1/bin/../lib/gcc/arm-none-eabi/9.2.1/thumb/v7-m/nofp/crti.o
LOAD c:/program files (x86)/cypress/psoc creator/4.2/psoc creator/import/gnu/arm/5.4.1/bin/../lib/gcc/arm-none-eabi/9.2.1/thumb/v7-m/nofp/crtbegin.o
LOAD c:/program files (x86)/cypress/psoc creator/4.2/psoc creator/import/gnu/arm/5.4.1/bin/../lib/gcc/arm-none-eabi/9.2.1/../../../../arm-none-eabi/lib/thumb/v7-m/nofp/crt0.o
START GROUP
LOAD .\CortexM3\ARM_GCC_541\Debug\main.o
LOAD .\CortexM3\ARM_GCC_541\Debug\RaspberryIF.o
LOAD .\CortexM3\ARM_GCC_541\Debug\PSOC_controller.o
LOAD .\CortexM3\ARM_GCC_541\Debug\Tester.o
LOAD .\CortexM3\ARM_GCC_541\Debug\DispenserIF.o
LOAD .\CortexM3\ARM_GCC_541\Debug\cyfitter_cfg.o
LOAD .\CortexM3\ARM_GCC_541\Debug\cymetadata.o
LOAD .\CortexM3\ARM_GCC_541\Debug\Cm3Start.o
LOAD .\CortexM3\ARM_GCC_541\Debug\Design01.a
LOAD C:\Program Files (x86)\Cypress\PSoC Creator\4.2\PSoC Creator\psoc\content\cycomponentlibrary\CyComponentLibrary.cylib\CortexM3\ARM_GCC_541\Debug\CyComponentLibrary.a
END GROUP
START GROUP
LOAD c:/program files (x86)/cypress/psoc creator/4.2/psoc creator/import/gnu/arm/5.4.1/bin/../lib/gcc/arm-none-eabi/9.2.1/thumb/v7-m/nofp\libgcc.a
LOAD c:/program files (x86)/cypress/psoc creator/4.2/psoc creator/import/gnu/arm/5.4.1/bin/../lib/gcc/arm-none-eabi/9.2.1/../../../../arm-none-eabi/lib/thumb/v7-m/nofp\libg_nano.a
LOAD c:/program files (x86)/cypress/psoc creator/4.2/psoc creator/import/gnu/arm/5.4.1/bin/../lib/gcc/arm-none-eabi/9.2.1/../../../../arm-none-eabi/lib/thumb/v7-m/nofp\libc_nano.a
END GROUP
START GROUP
LOAD c:/program files (x86)/cypress/psoc creator/4.2/psoc creator/import/gnu/arm/5.4.1/bin/../lib/gcc/arm-none-eabi/9.2.1/thumb/v7-m/nofp\libgcc.a
LOAD c:/program files (x86)/cypress/psoc creator/4.2/psoc creator/import/gnu/arm/5.4.1/bin/../lib/gcc/arm-none-eabi/9.2.1/../../../../arm-none-eabi/lib/thumb/v7-m/nofp\libc_nano.a
END GROUP
LOAD c:/program files (x86)/cypress/psoc creator/4.2/psoc creator/import/gnu/arm/5.4.1/bin/../lib/gcc/arm-none-eabi/9.2.1/thumb/v7-m/nofp/crtend.o
LOAD c:/program files (x86)/cypress/psoc creator/4.2/psoc creator/import/gnu/arm/5.4.1/bin/../lib/gcc/arm-none-eabi/9.2.1/thumb/v7-m/nofp/crtn.o
START GROUP
LOAD c:/program files (x86)/cypress/psoc creator/4.2/psoc creator/import/gnu/arm/5.4.1/bin/../lib/gcc/arm-none-eabi/9.2.1/thumb/v7-m/nofp\libgcc.a
LOAD c:/program files (x86)/cypress/psoc creator/4.2/psoc creator/import/gnu/arm/5.4.1/bin/../lib/gcc/arm-none-eabi/9.2.1/../../../../arm-none-eabi/lib/thumb/v7-m/nofp\libc.a
LOAD c:/program files (x86)/cypress/psoc creator/4.2/psoc creator/import/gnu/arm/5.4.1/bin/../lib/gcc/arm-none-eabi/9.2.1/../../../../arm-none-eabi/lib/thumb/v7-m/nofp\libnosys.a
END GROUP
                0x00000000                CY_APPL_ORIGIN = 0x0
                0x00000100                CY_FLASH_ROW_SIZE = 0x100
                0x00000020                CY_ECC_ROW_SIZE = 0x20
                0x00000000                CY_EE_IN_BTLDR = 0x0
                0x00000000                CY_APPL_LOADABLE = 0x0
                0x00000800                CY_EE_SIZE = 0x800
                0x00000001                CY_APPL_NUM = 0x1
                0x00000001                CY_APPL_MAX = 0x1
                0x00000040                CY_METADATA_SIZE = 0x40
                0x00000000                CY_APPL_LOADABLE = 0x0
                0x00000000                CY_CHECKSUM_EXCLUDE_SIZE = ALIGN (0x0, CY_FLASH_ROW_SIZE)
                [!provide]                PROVIDE (__cy_heap_start = _end)
                0x00000001                PROVIDE (__cy_region_num = ((__cy_regions_end - __cy_regions) / 0x10))
                0x20008000                PROVIDE (__cy_stack = (ORIGIN (ram) + LENGTH (ram)))
                [!provide]                PROVIDE (__cy_heap_end = (__cy_stack - 0x800))

.cybootloader   0x00000000        0x0
 *(.cybootloader)
                0x00000000                appl1_start = CY_APPL_ORIGIN?CY_APPL_ORIGIN:ALIGN (CY_FLASH_ROW_SIZE)
                0x0001ff00                appl2_start = (appl1_start + ALIGN ((((LENGTH (rom) - appl1_start) - (0x2 * CY_FLASH_ROW_SIZE)) / 0x2), CY_FLASH_ROW_SIZE))
                0x00000000                appl_start = (CY_APPL_NUM == 0x1)?appl1_start:appl2_start
                0x00000000                ecc_offset = ((appl_start / CY_FLASH_ROW_SIZE) * CY_ECC_ROW_SIZE)
                0x00000000                ee_offset = (CY_APPL_LOADABLE && ! (CY_EE_IN_BTLDR))?((CY_EE_SIZE / CY_APPL_MAX) * (CY_APPL_NUM - 0x1)):0x0
                0x00000800                ee_size = (CY_APPL_LOADABLE && ! (CY_EE_IN_BTLDR))?(CY_EE_SIZE / CY_APPL_MAX):CY_EE_SIZE
                [!provide]                PROVIDE (CY_ECC_OFFSET = ecc_offset)

.text           0x00000000     0x223c
 CREATE_OBJECT_SYMBOLS
                0x00000000                PROVIDE (__cy_interrupt_vector = RomVectors)
 *(.romvectors)
 .romvectors    0x00000000       0x10 .\CortexM3\ARM_GCC_541\Debug\Cm3Start.o
                0x00000000                RomVectors
                0x00000001                ASSERT ((. != __cy_interrupt_vector), No interrupt vector)
                0x00000001                ASSERT (CY_APPL_ORIGIN?(SIZEOF (.cybootloader) <= CY_APPL_ORIGIN):0x1, Wrong image location)
                0x00000010                PROVIDE (__cy_reset = Reset)
 *(.text.Reset)
 .text.Reset    0x00000010       0x18 .\CortexM3\ARM_GCC_541\Debug\Cm3Start.o
                0x00000010                Reset
                0x00000001                ASSERT ((. != __cy_reset), No reset code)
 *(.dma_init)
                0x00000001                ASSERT ((((appl_start + .) <= 0x10000) || 0x1), DMA Init must be within the first 64k of flash)
 *(.text .text.* .gnu.linkonce.t.*)
 .text          0x00000028       0x40 c:/program files (x86)/cypress/psoc creator/4.2/psoc creator/import/gnu/arm/5.4.1/bin/../lib/gcc/arm-none-eabi/9.2.1/thumb/v7-m/nofp/crtbegin.o
 .text.main     0x00000068       0x5c .\CortexM3\ARM_GCC_541\Debug\main.o
                0x00000068                main
 .text.RaspberryIF_init
                0x000000c4       0x30 .\CortexM3\ARM_GCC_541\Debug\RaspberryIF.o
                0x000000c4                RaspberryIF_init
 .text.SPI_DosisReceived
                0x000000f4       0x12 .\CortexM3\ARM_GCC_541\Debug\RaspberryIF.o
                0x000000f4                SPI_DosisReceived
 *fill*         0x00000106        0x2 
 .text.SPI_rx_handler
                0x00000108       0x8c .\CortexM3\ARM_GCC_541\Debug\RaspberryIF.o
                0x00000108                SPI_rx_handler
 .text.setControllerPtr
                0x00000194        0x4 .\CortexM3\ARM_GCC_541\Debug\RaspberryIF.o
                0x00000194                setControllerPtr
 .text.PSOC_controller_Init
                0x00000198        0xa .\CortexM3\ARM_GCC_541\Debug\PSOC_controller.o
                0x00000198                PSOC_controller_Init
 *fill*         0x000001a2        0x2 
 .text.generateInt
                0x000001a4       0x24 .\CortexM3\ARM_GCC_541\Debug\PSOC_controller.o
                0x000001a4                generateInt
 .text.dispensPiller
                0x000001c8       0xe8 .\CortexM3\ARM_GCC_541\Debug\PSOC_controller.o
                0x000001c8                dispensPiller
 .text.Tester_Init
                0x000002b0       0x44 .\CortexM3\ARM_GCC_541\Debug\Tester.o
                0x000002b0                Tester_Init
 .text.writeTester
                0x000002f4        0xa .\CortexM3\ARM_GCC_541\Debug\Tester.o
                0x000002f4                writeTester
 .text.blinkLED
                0x000002fe       0x20 .\CortexM3\ARM_GCC_541\Debug\Tester.o
                0x000002fe                blinkLED
 *fill*         0x0000031e        0x2 
 .text.GenPlatSensorInput
                0x00000320       0x20 .\CortexM3\ARM_GCC_541\Debug\Tester.o
                0x00000320                GenPlatSensorInput
 .text.GenConSensorInput
                0x00000340       0x40 .\CortexM3\ARM_GCC_541\Debug\Tester.o
                0x00000340                GenConSensorInput
 .text.GenADCInput
                0x00000380       0xac .\CortexM3\ARM_GCC_541\Debug\Tester.o
                0x00000380                GenADCInput
 .text.GenPillsRemoved
                0x0000042c       0x40 .\CortexM3\ARM_GCC_541\Debug\Tester.o
                0x0000042c                GenPillsRemoved
 .text.half     0x0000046c      0x17c .\CortexM3\ARM_GCC_541\Debug\DispenserIF.o
 .text.rotate   0x000005e8       0x1e .\CortexM3\ARM_GCC_541\Debug\DispenserIF.o
 .text.rotateRight
                0x00000606        0xa .\CortexM3\ARM_GCC_541\Debug\DispenserIF.o
 .text.calibratePlatform
                0x00000610       0x20 .\CortexM3\ARM_GCC_541\Debug\DispenserIF.o
 .text.rotateLeft
                0x00000630        0xa .\CortexM3\ARM_GCC_541\Debug\DispenserIF.o
 .text.rotateTo
                0x0000063a       0x58 .\CortexM3\ARM_GCC_541\Debug\DispenserIF.o
 *fill*         0x00000692        0x2 
 .text.rotatePlatform
                0x00000694       0x54 .\CortexM3\ARM_GCC_541\Debug\DispenserIF.o
 .text.detekterPillebeholdning
                0x000006e8        0xe .\CortexM3\ARM_GCC_541\Debug\DispenserIF.o
 *fill*         0x000006f6        0x2 
 .text.full     0x000006f8       0xc8 .\CortexM3\ARM_GCC_541\Debug\DispenserIF.o
 .text.pushPill
                0x000007c0       0x30 .\CortexM3\ARM_GCC_541\Debug\DispenserIF.o
 .text.vejefunktion
                0x000007f0       0x44 .\CortexM3\ARM_GCC_541\Debug\DispenserIF.o
 .text.DispenserIF_Init
                0x00000834        0xe .\CortexM3\ARM_GCC_541\Debug\DispenserIF.o
                0x00000834                DispenserIF_Init
 *fill*         0x00000842        0x2 
 .text.dispense
                0x00000844       0x54 .\CortexM3\ARM_GCC_541\Debug\DispenserIF.o
                0x00000844                dispense
 .text.CyClockStartupError
                0x00000898        0x2 .\CortexM3\ARM_GCC_541\Debug\cyfitter_cfg.o
 .text.cfg_write_bytes32
                0x0000089a       0x34 .\CortexM3\ARM_GCC_541\Debug\cyfitter_cfg.o
 *fill*         0x000008ce        0x2 
 .text.AnalogSetDefault
                0x000008d0       0x28 .\CortexM3\ARM_GCC_541\Debug\cyfitter_cfg.o
 .text.CYMEMZERO
                0x000008f8        0xc .\CortexM3\ARM_GCC_541\Debug\cyfitter_cfg.o
 .text.ClockSetup
                0x00000904       0xc8 .\CortexM3\ARM_GCC_541\Debug\cyfitter_cfg.o
 .text.CYCONFIGCPY
                0x000009cc        0x8 .\CortexM3\ARM_GCC_541\Debug\cyfitter_cfg.o
 .text.cyfitter_cfg
                0x000009d4      0x140 .\CortexM3\ARM_GCC_541\Debug\cyfitter_cfg.o
                0x000009d4                cyfitter_cfg
 .text.IntDefaultHandler
                0x00000b14       0x10 .\CortexM3\ARM_GCC_541\Debug\Cm3Start.o
                0x00000b14                IntDefaultHandler
 .text._sbrk    0x00000b24       0x30 .\CortexM3\ARM_GCC_541\Debug\Cm3Start.o
                0x00000b24                _sbrk
 .text.Start_c  0x00000b54       0x4c .\CortexM3\ARM_GCC_541\Debug\Cm3Start.o
                0x00000b54                Start_c
 .text.initialize_psoc
                0x00000ba0       0x68 .\CortexM3\ARM_GCC_541\Debug\Cm3Start.o
                0x00000ba0                initialize_psoc
 .text.CyDelay  0x00000c08       0x2c .\CortexM3\ARM_GCC_541\Debug\Design01.a(CyLib.o)
                0x00000c08                CyDelay
 .text.UART_tester_Init
                0x00000c34       0x28 .\CortexM3\ARM_GCC_541\Debug\Design01.a(UART_tester.o)
                0x00000c34                UART_tester_Init
 .text.UART_tester_Enable
                0x00000c5c       0x38 .\CortexM3\ARM_GCC_541\Debug\Design01.a(UART_tester.o)
                0x00000c5c                UART_tester_Enable
 .text.UART_tester_Start
                0x00000c94       0x20 .\CortexM3\ARM_GCC_541\Debug\Design01.a(UART_tester.o)
                0x00000c94                UART_tester_Start
 .text.UART_tester_PutChar
                0x00000cb4       0x18 .\CortexM3\ARM_GCC_541\Debug\Design01.a(UART_tester.o)
                0x00000cb4                UART_tester_PutChar
 .text.UART_tester_PutString
                0x00000ccc       0x24 .\CortexM3\ARM_GCC_541\Debug\Design01.a(UART_tester.o)
                0x00000ccc                UART_tester_PutString
 .text.UART_tester_IntClock_Start
                0x00000cf0       0x1c .\CortexM3\ARM_GCC_541\Debug\Design01.a(UART_tester_IntClock.o)
                0x00000cf0                UART_tester_IntClock_Start
 .text.LED_Write
                0x00000d0c       0x18 .\CortexM3\ARM_GCC_541\Debug\Design01.a(LED.o)
                0x00000d0c                LED_Write
 .text.SPIS_1_Enable
                0x00000d24       0x34 .\CortexM3\ARM_GCC_541\Debug\Design01.a(SPIS_1.o)
                0x00000d24                SPIS_1_Enable
 .text.SPIS_1_ReadTxStatus
                0x00000d58        0xc .\CortexM3\ARM_GCC_541\Debug\Design01.a(SPIS_1.o)
                0x00000d58                SPIS_1_ReadTxStatus
 .text.SPIS_1_ReadRxStatus
                0x00000d64        0xc .\CortexM3\ARM_GCC_541\Debug\Design01.a(SPIS_1.o)
                0x00000d64                SPIS_1_ReadRxStatus
 .text.SPIS_1_WriteTxData
                0x00000d70       0x18 .\CortexM3\ARM_GCC_541\Debug\Design01.a(SPIS_1.o)
                0x00000d70                SPIS_1_WriteTxData
 .text.SPIS_1_ReadRxData
                0x00000d88        0xc .\CortexM3\ARM_GCC_541\Debug\Design01.a(SPIS_1.o)
                0x00000d88                SPIS_1_ReadRxData
 .text.SPIS_1_ClearFIFO
                0x00000d94       0x3c .\CortexM3\ARM_GCC_541\Debug\Design01.a(SPIS_1.o)
                0x00000d94                SPIS_1_ClearFIFO
 .text.SPIS_1_Init
                0x00000dd0       0x2c .\CortexM3\ARM_GCC_541\Debug\Design01.a(SPIS_1.o)
                0x00000dd0                SPIS_1_Init
 .text.SPIS_1_Start
                0x00000dfc       0x20 .\CortexM3\ARM_GCC_541\Debug\Design01.a(SPIS_1.o)
                0x00000dfc                SPIS_1_Start
 .text.isr_1_SetVector
                0x00000e1c        0xc .\CortexM3\ARM_GCC_541\Debug\Design01.a(isr_1.o)
                0x00000e1c                isr_1_SetVector
 .text.isr_1_SetPriority
                0x00000e28       0x10 .\CortexM3\ARM_GCC_541\Debug\Design01.a(isr_1.o)
                0x00000e28                isr_1_SetPriority
 .text.isr_1_Enable
                0x00000e38        0xc .\CortexM3\ARM_GCC_541\Debug\Design01.a(isr_1.o)
                0x00000e38                isr_1_Enable
 .text.isr_1_Disable
                0x00000e44        0xc .\CortexM3\ARM_GCC_541\Debug\Design01.a(isr_1.o)
                0x00000e44                isr_1_Disable
 .text.isr_1_StartEx
                0x00000e50       0x1a .\CortexM3\ARM_GCC_541\Debug\Design01.a(isr_1.o)
                0x00000e50                isr_1_StartEx
 *fill*         0x00000e6a        0x2 
 .text.Pin_A1_Write
                0x00000e6c       0x18 .\CortexM3\ARM_GCC_541\Debug\Design01.a(Pin_A1.o)
                0x00000e6c                Pin_A1_Write
 .text.Pin_B1_Write
                0x00000e84       0x18 .\CortexM3\ARM_GCC_541\Debug\Design01.a(Pin_B1.o)
                0x00000e84                Pin_B1_Write
 .text.Pin_B2_Write
                0x00000e9c       0x18 .\CortexM3\ARM_GCC_541\Debug\Design01.a(Pin_B2.o)
                0x00000e9c                Pin_B2_Write
 .text.Motor_Calibration_Sensor_Write
                0x00000eb4       0x18 .\CortexM3\ARM_GCC_541\Debug\Design01.a(Motor_Calibration_Sensor.o)
                0x00000eb4                Motor_Calibration_Sensor_Write
 .text.Motor_Calibration_Sensor_Read
                0x00000ecc       0x10 .\CortexM3\ARM_GCC_541\Debug\Design01.a(Motor_Calibration_Sensor.o)
                0x00000ecc                Motor_Calibration_Sensor_Read
 .text.Pin_A2_Write
                0x00000edc       0x18 .\CortexM3\ARM_GCC_541\Debug\Design01.a(Pin_A2.o)
                0x00000edc                Pin_A2_Write
 .text.Pill_Container_Sensor_Write
                0x00000ef4       0x18 .\CortexM3\ARM_GCC_541\Debug\Design01.a(Pill_Container_Sensor.o)
                0x00000ef4                Pill_Container_Sensor_Write
 .text.Pill_Container_Sensor_Read
                0x00000f0c       0x10 .\CortexM3\ARM_GCC_541\Debug\Design01.a(Pill_Container_Sensor.o)
                0x00000f0c                Pill_Container_Sensor_Read
 .text.RPI_INT_Write
                0x00000f1c       0x18 .\CortexM3\ARM_GCC_541\Debug\Design01.a(RPI_INT.o)
                0x00000f1c                RPI_INT_Write
 .text.Pin_C1_Write
                0x00000f34       0x18 .\CortexM3\ARM_GCC_541\Debug\Design01.a(Pin_C1.o)
                0x00000f34                Pin_C1_Write
 .text.Pin_C2_Write
                0x00000f4c       0x18 .\CortexM3\ARM_GCC_541\Debug\Design01.a(Pin_C2.o)
                0x00000f4c                Pin_C2_Write
 .text.Pin_D1_Write
                0x00000f64       0x18 .\CortexM3\ARM_GCC_541\Debug\Design01.a(Pin_D1.o)
                0x00000f64                Pin_D1_Write
 .text.Pin_D2_Write
                0x00000f7c       0x18 .\CortexM3\ARM_GCC_541\Debug\Design01.a(Pin_D2.o)
                0x00000f7c                Pin_D2_Write
 *fill*         0x00000f94        0x4 
 .text          0x00000f98       0x20 .\CortexM3\ARM_GCC_541\Debug\Design01.a(CyBootAsmGnu.o)
                0x00000f98                CyDelayCycles
                0x00000fa8                CyEnterCriticalSection
                0x00000fb0                CyExitCriticalSection
 .text          0x00000fb8      0x378 c:/program files (x86)/cypress/psoc creator/4.2/psoc creator/import/gnu/arm/5.4.1/bin/../lib/gcc/arm-none-eabi/9.2.1/thumb/v7-m/nofp\libgcc.a(_arm_addsubdf3.o)
                0x00000fb8                __aeabi_drsub
                0x00000fc0                __aeabi_dsub
                0x00000fc0                __subdf3
                0x00000fc4                __aeabi_dadd
                0x00000fc4                __adddf3
                0x0000123c                __floatunsidf
                0x0000123c                __aeabi_ui2d
                0x0000125c                __floatsidf
                0x0000125c                __aeabi_i2d
                0x00001280                __aeabi_f2d
                0x00001280                __extendsfdf2
                0x000012c4                __floatundidf
                0x000012c4                __aeabi_ul2d
                0x000012d4                __floatdidf
                0x000012d4                __aeabi_l2d
 .text          0x00001330      0x110 c:/program files (x86)/cypress/psoc creator/4.2/psoc creator/import/gnu/arm/5.4.1/bin/../lib/gcc/arm-none-eabi/9.2.1/thumb/v7-m/nofp\libgcc.a(_arm_cmpdf2.o)
                0x00001330                __gtdf2
                0x00001330                __gedf2
                0x00001338                __ltdf2
                0x00001338                __ledf2
                0x00001340                __nedf2
                0x00001340                __eqdf2
                0x00001340                __cmpdf2
                0x000013bc                __aeabi_cdrcmple
                0x000013cc                __aeabi_cdcmpeq
                0x000013cc                __aeabi_cdcmple
                0x000013dc                __aeabi_dcmpeq
                0x000013f0                __aeabi_dcmplt
                0x00001404                __aeabi_dcmple
                0x00001418                __aeabi_dcmpge
                0x0000142c                __aeabi_dcmpgt
 .text          0x00001440       0xa0 c:/program files (x86)/cypress/psoc creator/4.2/psoc creator/import/gnu/arm/5.4.1/bin/../lib/gcc/arm-none-eabi/9.2.1/thumb/v7-m/nofp\libgcc.a(_arm_truncdfsf2.o)
                0x00001440                __truncdfsf2
                0x00001440                __aeabi_d2f
 .text          0x000014e0      0x21c c:/program files (x86)/cypress/psoc creator/4.2/psoc creator/import/gnu/arm/5.4.1/bin/../lib/gcc/arm-none-eabi/9.2.1/thumb/v7-m/nofp\libgcc.a(_arm_addsubsf3.o)
                0x000014e0                __aeabi_frsub
                0x000014e8                __subsf3
                0x000014e8                __aeabi_fsub
                0x000014ec                __aeabi_fadd
                0x000014ec                __addsf3
                0x0000164c                __aeabi_ui2f
                0x0000164c                __floatunsisf
                0x00001654                __aeabi_i2f
                0x00001654                __floatsisf
                0x00001670                __aeabi_ul2f
                0x00001670                __floatundisf
                0x00001680                __aeabi_l2f
                0x00001680                __floatdisf
 .text          0x000016fc       0xec c:/program files (x86)/cypress/psoc creator/4.2/psoc creator/import/gnu/arm/5.4.1/bin/../lib/gcc/arm-none-eabi/9.2.1/thumb/v7-m/nofp\libgcc.a(_arm_cmpsf2.o)
                0x000016fc                __gesf2
                0x000016fc                __gtsf2
                0x00001704                __lesf2
                0x00001704                __ltsf2
                0x0000170c                __nesf2
                0x0000170c                __eqsf2
                0x0000170c                __cmpsf2
                0x0000176c                __aeabi_cfrcmple
                0x00001774                __aeabi_cfcmpeq
                0x00001774                __aeabi_cfcmple
                0x00001784                __aeabi_fcmpeq
                0x00001798                __aeabi_fcmplt
                0x000017ac                __aeabi_fcmple
                0x000017c0                __aeabi_fcmpge
                0x000017d4                __aeabi_fcmpgt
 .text.calloc   0x000017e8       0x10 c:/program files (x86)/cypress/psoc creator/4.2/psoc creator/import/gnu/arm/5.4.1/bin/../lib/gcc/arm-none-eabi/9.2.1/../../../../arm-none-eabi/lib/thumb/v7-m/nofp\libg_nano.a(lib_a-calloc.o)
                0x000017e8                calloc
 .text.__errno  0x000017f8        0xc c:/program files (x86)/cypress/psoc creator/4.2/psoc creator/import/gnu/arm/5.4.1/bin/../lib/gcc/arm-none-eabi/9.2.1/../../../../arm-none-eabi/lib/thumb/v7-m/nofp\libg_nano.a(lib_a-errno.o)
                0x000017f8                __errno
 .text.__libc_init_array
                0x00001804       0x48 c:/program files (x86)/cypress/psoc creator/4.2/psoc creator/import/gnu/arm/5.4.1/bin/../lib/gcc/arm-none-eabi/9.2.1/../../../../arm-none-eabi/lib/thumb/v7-m/nofp\libg_nano.a(lib_a-init.o)
                0x00001804                __libc_init_array
 .text.memcpy   0x0000184c       0x1c c:/program files (x86)/cypress/psoc creator/4.2/psoc creator/import/gnu/arm/5.4.1/bin/../lib/gcc/arm-none-eabi/9.2.1/../../../../arm-none-eabi/lib/thumb/v7-m/nofp\libg_nano.a(lib_a-memcpy-stub.o)
                0x0000184c                memcpy
 .text.memset   0x00001868       0x10 c:/program files (x86)/cypress/psoc creator/4.2/psoc creator/import/gnu/arm/5.4.1/bin/../lib/gcc/arm-none-eabi/9.2.1/../../../../arm-none-eabi/lib/thumb/v7-m/nofp\libg_nano.a(lib_a-memset.o)
                0x00001868                memset
 .text._calloc_r
                0x00001878       0x1c c:/program files (x86)/cypress/psoc creator/4.2/psoc creator/import/gnu/arm/5.4.1/bin/../lib/gcc/arm-none-eabi/9.2.1/../../../../arm-none-eabi/lib/thumb/v7-m/nofp\libg_nano.a(lib_a-nano-callocr.o)
                0x00001878                _calloc_r
 .text._malloc_r
                0x00001894       0xb4 c:/program files (x86)/cypress/psoc creator/4.2/psoc creator/import/gnu/arm/5.4.1/bin/../lib/gcc/arm-none-eabi/9.2.1/../../../../arm-none-eabi/lib/thumb/v7-m/nofp\libg_nano.a(lib_a-nano-mallocr.o)
                0x00001894                _malloc_r
 .text.srand    0x00001948       0x48 c:/program files (x86)/cypress/psoc creator/4.2/psoc creator/import/gnu/arm/5.4.1/bin/../lib/gcc/arm-none-eabi/9.2.1/../../../../arm-none-eabi/lib/thumb/v7-m/nofp\libg_nano.a(lib_a-rand.o)
                0x00001948                srand
 .text.rand     0x00001990       0x68 c:/program files (x86)/cypress/psoc creator/4.2/psoc creator/import/gnu/arm/5.4.1/bin/../lib/gcc/arm-none-eabi/9.2.1/../../../../arm-none-eabi/lib/thumb/v7-m/nofp\libg_nano.a(lib_a-rand.o)
                0x00001990                rand
 .text._sbrk_r  0x000019f8       0x20 c:/program files (x86)/cypress/psoc creator/4.2/psoc creator/import/gnu/arm/5.4.1/bin/../lib/gcc/arm-none-eabi/9.2.1/../../../../arm-none-eabi/lib/thumb/v7-m/nofp\libg_nano.a(lib_a-sbrkr.o)
                0x000019f8                _sbrk_r
 .text.snprintf
                0x00001a18       0x68 c:/program files (x86)/cypress/psoc creator/4.2/psoc creator/import/gnu/arm/5.4.1/bin/../lib/gcc/arm-none-eabi/9.2.1/../../../../arm-none-eabi/lib/thumb/v7-m/nofp\libg_nano.a(lib_a-snprintf.o)
                0x00001a18                sniprintf
                0x00001a18                snprintf
 .text.time     0x00001a80       0x34 c:/program files (x86)/cypress/psoc creator/4.2/psoc creator/import/gnu/arm/5.4.1/bin/../lib/gcc/arm-none-eabi/9.2.1/../../../../arm-none-eabi/lib/thumb/v7-m/nofp\libg_nano.a(lib_a-time.o)
                0x00001a80                time
 .text._gettimeofday_r
                0x00001ab4       0x24 c:/program files (x86)/cypress/psoc creator/4.2/psoc creator/import/gnu/arm/5.4.1/bin/../lib/gcc/arm-none-eabi/9.2.1/../../../../arm-none-eabi/lib/thumb/v7-m/nofp\libg_nano.a(lib_a-gettimeofdayr.o)
                0x00001ab4                _gettimeofday_r
 .text.malloc   0x00001ad8       0x10 c:/program files (x86)/cypress/psoc creator/4.2/psoc creator/import/gnu/arm/5.4.1/bin/../lib/gcc/arm-none-eabi/9.2.1/../../../../arm-none-eabi/lib/thumb/v7-m/nofp\libg_nano.a(lib_a-malloc.o)
                0x00001ad8                malloc
 .text.__malloc_lock
                0x00001ae8        0xc c:/program files (x86)/cypress/psoc creator/4.2/psoc creator/import/gnu/arm/5.4.1/bin/../lib/gcc/arm-none-eabi/9.2.1/../../../../arm-none-eabi/lib/thumb/v7-m/nofp\libg_nano.a(lib_a-mlock.o)
                0x00001ae8                __malloc_lock
 .text.__malloc_unlock
                0x00001af4        0xc c:/program files (x86)/cypress/psoc creator/4.2/psoc creator/import/gnu/arm/5.4.1/bin/../lib/gcc/arm-none-eabi/9.2.1/../../../../arm-none-eabi/lib/thumb/v7-m/nofp\libg_nano.a(lib_a-mlock.o)
                0x00001af4                __malloc_unlock
 .text._free_r  0x00001b00       0x98 c:/program files (x86)/cypress/psoc creator/4.2/psoc creator/import/gnu/arm/5.4.1/bin/../lib/gcc/arm-none-eabi/9.2.1/../../../../arm-none-eabi/lib/thumb/v7-m/nofp\libg_nano.a(lib_a-nano-freer.o)
                0x00001b00                _free_r
 .text.__ssputs_r
                0x00001b98       0xb6 c:/program files (x86)/cypress/psoc creator/4.2/psoc creator/import/gnu/arm/5.4.1/bin/../lib/gcc/arm-none-eabi/9.2.1/../../../../arm-none-eabi/lib/thumb/v7-m/nofp\libg_nano.a(lib_a-nano-svfprintf.o)
                0x00001b98                __ssputs_r
 *fill*         0x00001c4e        0x2 
 .text._svfprintf_r
                0x00001c50      0x200 c:/program files (x86)/cypress/psoc creator/4.2/psoc creator/import/gnu/arm/5.4.1/bin/../lib/gcc/arm-none-eabi/9.2.1/../../../../arm-none-eabi/lib/thumb/v7-m/nofp\libg_nano.a(lib_a-nano-svfprintf.o)
                0x00001c50                _svfiprintf_r
                0x00001c50                _svfprintf_r
 .text._printf_common
                0x00001e50       0xde c:/program files (x86)/cypress/psoc creator/4.2/psoc creator/import/gnu/arm/5.4.1/bin/../lib/gcc/arm-none-eabi/9.2.1/../../../../arm-none-eabi/lib/thumb/v7-m/nofp\libg_nano.a(lib_a-nano-vfprintf_i.o)
                0x00001e50                _printf_common
 *fill*         0x00001f2e        0x2 
 .text._printf_i
                0x00001f30      0x24c c:/program files (x86)/cypress/psoc creator/4.2/psoc creator/import/gnu/arm/5.4.1/bin/../lib/gcc/arm-none-eabi/9.2.1/../../../../arm-none-eabi/lib/thumb/v7-m/nofp\libg_nano.a(lib_a-nano-vfprintf_i.o)
                0x00001f30                _printf_i
 .text.__retarget_lock_acquire_recursive
                0x0000217c        0x2 c:/program files (x86)/cypress/psoc creator/4.2/psoc creator/import/gnu/arm/5.4.1/bin/../lib/gcc/arm-none-eabi/9.2.1/../../../../arm-none-eabi/lib/thumb/v7-m/nofp\libg_nano.a(lib_a-lock.o)
                0x0000217c                __retarget_lock_acquire_recursive
 .text.__retarget_lock_release_recursive
                0x0000217e        0x2 c:/program files (x86)/cypress/psoc creator/4.2/psoc creator/import/gnu/arm/5.4.1/bin/../lib/gcc/arm-none-eabi/9.2.1/../../../../arm-none-eabi/lib/thumb/v7-m/nofp\libg_nano.a(lib_a-lock.o)
                0x0000217e                __retarget_lock_release_recursive
 .text.memchr   0x00002180       0x1c c:/program files (x86)/cypress/psoc creator/4.2/psoc creator/import/gnu/arm/5.4.1/bin/../lib/gcc/arm-none-eabi/9.2.1/../../../../arm-none-eabi/lib/thumb/v7-m/nofp\libg_nano.a(lib_a-memchr-stub.o)
                0x00002180                memchr
 .text.memmove  0x0000219c       0x34 c:/program files (x86)/cypress/psoc creator/4.2/psoc creator/import/gnu/arm/5.4.1/bin/../lib/gcc/arm-none-eabi/9.2.1/../../../../arm-none-eabi/lib/thumb/v7-m/nofp\libg_nano.a(lib_a-memmove.o)
                0x0000219c                memmove
 .text._realloc_r
                0x000021d0       0x4c c:/program files (x86)/cypress/psoc creator/4.2/psoc creator/import/gnu/arm/5.4.1/bin/../lib/gcc/arm-none-eabi/9.2.1/../../../../arm-none-eabi/lib/thumb/v7-m/nofp\libg_nano.a(lib_a-nano-reallocr.o)
                0x000021d0                _realloc_r
 .text._malloc_usable_size_r
                0x0000221c       0x10 c:/program files (x86)/cypress/psoc creator/4.2/psoc creator/import/gnu/arm/5.4.1/bin/../lib/gcc/arm-none-eabi/9.2.1/../../../../arm-none-eabi/lib/thumb/v7-m/nofp\libg_nano.a(lib_a-nano-msizer.o)
                0x0000221c                _malloc_usable_size_r
 .text._gettimeofday
                0x0000222c       0x10 c:/program files (x86)/cypress/psoc creator/4.2/psoc creator/import/gnu/arm/5.4.1/bin/../lib/gcc/arm-none-eabi/9.2.1/../../../../arm-none-eabi/lib/thumb/v7-m/nofp\libnosys.a(gettod.o)
                0x0000222c                _gettimeofday
 *(.plt)
 *(.gnu.warning)
 *(.glue_7t)
 .glue_7t       0x0000223c        0x0 linker stubs
 *(.glue_7)
 .glue_7        0x0000223c        0x0 linker stubs
 *(.vfp11_veneer)
 .vfp11_veneer  0x0000223c        0x0 linker stubs
 *(.bootloader)
 *(.ARM.extab* .gnu.linkonce.armextab.*)
 *(.gcc_except_table)

.v4_bx          0x0000223c        0x0
 .v4_bx         0x0000223c        0x0 linker stubs

.iplt           0x0000223c        0x0
 .iplt          0x0000223c        0x0 c:/program files (x86)/cypress/psoc creator/4.2/psoc creator/import/gnu/arm/5.4.1/bin/../lib/gcc/arm-none-eabi/9.2.1/thumb/v7-m/nofp/crtbegin.o

.eh_frame_hdr
 *(.eh_frame_hdr)

.eh_frame       0x0000223c        0x4
 *(.eh_frame)
 .eh_frame      0x0000223c        0x0 c:/program files (x86)/cypress/psoc creator/4.2/psoc creator/import/gnu/arm/5.4.1/bin/../lib/gcc/arm-none-eabi/9.2.1/thumb/v7-m/nofp/crtbegin.o
 .eh_frame      0x0000223c        0x4 c:/program files (x86)/cypress/psoc creator/4.2/psoc creator/import/gnu/arm/5.4.1/bin/../lib/gcc/arm-none-eabi/9.2.1/thumb/v7-m/nofp/crtend.o
                [!provide]                PROVIDE (__exidx_start = .)

.ARM.exidx
 *(.ARM.exidx* .gnu.linkonce.armexidx.*)
                0x00002240                __exidx_end = .

.rodata         0x00002240      0x2d8
 *(.rodata .rodata.* .gnu.linkonce.r.*)
 .rodata.str1.4
                0x00002240       0xb2 .\CortexM3\ARM_GCC_541\Debug\PSOC_controller.o
 *fill*         0x000022f2        0x2 
 .rodata.str1.4
                0x000022f4       0xcd .\CortexM3\ARM_GCC_541\Debug\Tester.o
 *fill*         0x000023c1        0x3 
 .rodata.str1.4
                0x000023c4       0xad .\CortexM3\ARM_GCC_541\Debug\DispenserIF.o
 *fill*         0x00002471        0x3 
 .rodata        0x00002474       0x36 .\CortexM3\ARM_GCC_541\Debug\cyfitter_cfg.o
 .rodata._svfprintf_r.str1.1
                0x000024aa       0x11 c:/program files (x86)/cypress/psoc creator/4.2/psoc creator/import/gnu/arm/5.4.1/bin/../lib/gcc/arm-none-eabi/9.2.1/../../../../arm-none-eabi/lib/thumb/v7-m/nofp\libg_nano.a(lib_a-nano-svfprintf.o)
 .rodata._printf_i.str1.1
                0x000024bb       0x22 c:/program files (x86)/cypress/psoc creator/4.2/psoc creator/import/gnu/arm/5.4.1/bin/../lib/gcc/arm-none-eabi/9.2.1/../../../../arm-none-eabi/lib/thumb/v7-m/nofp\libg_nano.a(lib_a-nano-vfprintf_i.o)
                0x000024e0                . = ALIGN (0x4)
 *fill*         0x000024dd        0x3 
 *(.init)
 .init          0x000024e0        0x4 c:/program files (x86)/cypress/psoc creator/4.2/psoc creator/import/gnu/arm/5.4.1/bin/../lib/gcc/arm-none-eabi/9.2.1/thumb/v7-m/nofp/crti.o
                0x000024e0                _init
 .init          0x000024e4        0x8 c:/program files (x86)/cypress/psoc creator/4.2/psoc creator/import/gnu/arm/5.4.1/bin/../lib/gcc/arm-none-eabi/9.2.1/thumb/v7-m/nofp/crtn.o
                0x000024ec                . = ALIGN (0x4)
                0x000024ec                __preinit_array_start = .
 *(.preinit_array)
                0x000024ec                __preinit_array_end = .
                0x000024ec                . = ALIGN (0x4)
                0x000024ec                __init_array_start = .
 *(SORT_BY_NAME(.init_array.*))
 *(.init_array)
 .init_array    0x000024ec        0x4 c:/program files (x86)/cypress/psoc creator/4.2/psoc creator/import/gnu/arm/5.4.1/bin/../lib/gcc/arm-none-eabi/9.2.1/thumb/v7-m/nofp/crtbegin.o
 .init_array    0x000024f0        0x4 .\CortexM3\ARM_GCC_541\Debug\Cm3Start.o
                0x000024f4                __init_array_end = .
                0x000024f4                . = ALIGN (0x4)
 *(.fini)
 .fini          0x000024f4        0x4 c:/program files (x86)/cypress/psoc creator/4.2/psoc creator/import/gnu/arm/5.4.1/bin/../lib/gcc/arm-none-eabi/9.2.1/thumb/v7-m/nofp/crti.o
                0x000024f4                _fini
 .fini          0x000024f8        0x8 c:/program files (x86)/cypress/psoc creator/4.2/psoc creator/import/gnu/arm/5.4.1/bin/../lib/gcc/arm-none-eabi/9.2.1/thumb/v7-m/nofp/crtn.o
                0x00002500                . = ALIGN (0x4)
                0x00002500                __fini_array_start = .
 *(.fini_array)
 .fini_array    0x00002500        0x4 c:/program files (x86)/cypress/psoc creator/4.2/psoc creator/import/gnu/arm/5.4.1/bin/../lib/gcc/arm-none-eabi/9.2.1/thumb/v7-m/nofp/crtbegin.o
 *(SORT_BY_NAME(.fini_array.*))
                0x00002504                __fini_array_end = .
                0x00002504                . = ALIGN (0x4)
 *crtbegin.o(.ctors)
 *(EXCLUDE_FILE(*crtend.o) .ctors)
 *(SORT_BY_NAME(.ctors.*))
 *crtend.o(.ctors)
                0x00002504                . = ALIGN (0x4)
 *crtbegin.o(.dtors)
 *(EXCLUDE_FILE(*crtend.o) .dtors)
 *(SORT_BY_NAME(.dtors.*))
 *crtend.o(.dtors)
                0x00002504                . = ALIGN (0x4)
                0x00002504                __cy_regions = .
                0x00002504        0x4 LONG 0x2518 __cy_region_init_ram
                0x00002508        0x4 LONG 0x1fff80c8 __cy_region_start_data
                0x0000250c        0x4 LONG 0x78 __cy_region_init_size_ram
                0x00002510        0x4 LONG 0x40 __cy_region_zero_size_ram
                0x00002514                __cy_regions_end = .
                0x00002518                . = ALIGN (0x8)
 *fill*         0x00002514        0x4 
                0x00002518                _etext = .

.cy_checksum_exclude
                0x00002518        0x0
 *(.cy_checksum_exclude)

.ramvectors     0x1fff8000       0xc0
                0x1fff8000                __cy_region_start_ram = .
 *(.ramvectors)
 .ramvectors    0x1fff8000       0xc0 .\CortexM3\ARM_GCC_541\Debug\Cm3Start.o
                0x1fff8000                CyRamVectors

.noinit         0x1fff80c0        0x1
 *(.noinit)
 .noinit        0x1fff80c0        0x1 .\CortexM3\ARM_GCC_541\Debug\Design01.a(CyLib.o)
                0x1fff80c0                CyResetStatus

.data           0x1fff80c8       0x78 load address 0x00002518
                0x1fff80c8                __cy_region_start_data = .
 *(.jcr)
 *(.got.plt)
 *(.got)
 *(.shdata)
 *(.data .data.* .gnu.linkonce.d.*)
 .data          0x1fff80c8        0x4 .\CortexM3\ARM_GCC_541\Debug\Cm3Start.o
 .data          0x1fff80cc       0x10 .\CortexM3\ARM_GCC_541\Debug\Design01.a(CyLib.o)
                0x1fff80cc                cydelay_32k_ms
                0x1fff80d0                cydelay_freq_khz
                0x1fff80d4                cydelay_freq_mhz
                0x1fff80d8                cydelay_freq_hz
 .data._impure_ptr
                0x1fff80dc        0x4 c:/program files (x86)/cypress/psoc creator/4.2/psoc creator/import/gnu/arm/5.4.1/bin/../lib/gcc/arm-none-eabi/9.2.1/../../../../arm-none-eabi/lib/thumb/v7-m/nofp\libg_nano.a(lib_a-impure.o)
                0x1fff80dc                _impure_ptr
 .data.impure_data
                0x1fff80e0       0x60 c:/program files (x86)/cypress/psoc creator/4.2/psoc creator/import/gnu/arm/5.4.1/bin/../lib/gcc/arm-none-eabi/9.2.1/../../../../arm-none-eabi/lib/thumb/v7-m/nofp\libg_nano.a(lib_a-impure.o)
                0x1fff8140                . = ALIGN (0x8)
 *(.ram)
                0x1fff8140                _edata = .

.igot.plt       0x1fff8140        0x0 load address 0x00002590
 .igot.plt      0x1fff8140        0x0 c:/program files (x86)/cypress/psoc creator/4.2/psoc creator/import/gnu/arm/5.4.1/bin/../lib/gcc/arm-none-eabi/9.2.1/thumb/v7-m/nofp/crtbegin.o

.bss            0x1fff8140       0x40 load address 0x00002590
                0x1fff8140                PROVIDE (__bss_start__ = .)
 *(.shbss)
 *(.bss .bss.* .gnu.linkonce.b.*)
 .bss           0x1fff8140       0x1c c:/program files (x86)/cypress/psoc creator/4.2/psoc creator/import/gnu/arm/5.4.1/bin/../lib/gcc/arm-none-eabi/9.2.1/thumb/v7-m/nofp/crtbegin.o
 .bss           0x1fff815c        0x4 .\CortexM3\ARM_GCC_541\Debug\RaspberryIF.o
 .bss           0x1fff8160        0x2 .\CortexM3\ARM_GCC_541\Debug\DispenserIF.o
 .bss           0x1fff8162        0x2 .\CortexM3\ARM_GCC_541\Debug\Design01.a(UART_tester.o)
                0x1fff8162                UART_tester_initVar
 .bss           0x1fff8164        0x1 .\CortexM3\ARM_GCC_541\Debug\Design01.a(SPIS_1.o)
                0x1fff8164                SPIS_1_initVar
 *fill*         0x1fff8165        0x3 
 .bss.__malloc_free_list
                0x1fff8168        0x4 c:/program files (x86)/cypress/psoc creator/4.2/psoc creator/import/gnu/arm/5.4.1/bin/../lib/gcc/arm-none-eabi/9.2.1/../../../../arm-none-eabi/lib/thumb/v7-m/nofp\libg_nano.a(lib_a-nano-mallocr.o)
                0x1fff8168                __malloc_free_list
 .bss.__malloc_sbrk_start
                0x1fff816c        0x4 c:/program files (x86)/cypress/psoc creator/4.2/psoc creator/import/gnu/arm/5.4.1/bin/../lib/gcc/arm-none-eabi/9.2.1/../../../../arm-none-eabi/lib/thumb/v7-m/nofp\libg_nano.a(lib_a-nano-mallocr.o)
                0x1fff816c                __malloc_sbrk_start
 *(COMMON)
 COMMON         0x1fff8170        0x4 c:/program files (x86)/cypress/psoc creator/4.2/psoc creator/import/gnu/arm/5.4.1/bin/../lib/gcc/arm-none-eabi/9.2.1/../../../../arm-none-eabi/lib/thumb/v7-m/nofp\libg_nano.a(lib_a-reent.o)
                0x1fff8170                errno
 COMMON         0x1fff8174        0x9 c:/program files (x86)/cypress/psoc creator/4.2/psoc creator/import/gnu/arm/5.4.1/bin/../lib/gcc/arm-none-eabi/9.2.1/../../../../arm-none-eabi/lib/thumb/v7-m/nofp\libg_nano.a(lib_a-lock.o)
                0x1fff8174                __lock___atexit_recursive_mutex
                0x1fff8175                __lock___arc4random_mutex
                0x1fff8176                __lock___env_recursive_mutex
                0x1fff8177                __lock___sinit_recursive_mutex
                0x1fff8178                __lock___malloc_recursive_mutex
                0x1fff8179                __lock___at_quick_exit_mutex
                0x1fff817a                __lock___dd_hash_mutex
                0x1fff817b                __lock___tz_mutex
                0x1fff817c                __lock___sfp_recursive_mutex
                0x1fff8180                . = ALIGN (0x8)
 *fill*         0x1fff817d        0x3 
 *(.ram.b)
                0x1fff8180                _end = .
                0x1fff8180                __end = .
                0x1fff8180                PROVIDE (end = .)
                0x1fff8180                PROVIDE (__bss_end__ = .)
                0x00002518                __cy_region_init_ram = LOADADDR (.data)
                0x00000078                __cy_region_init_size_ram = (_edata - ADDR (.data))
                0x00000040                __cy_region_zero_size_ram = (_end - _edata)

.heap           0x1fff8180       0x80 load address 0x00002590
                0x1fff8180                . = _end
                0x1fff8200                . = (. + 0x80)
 *fill*         0x1fff8180       0x80 
                0x1fff8200                __cy_heap_limit = .

.stack          0x20007800      0x800
                0x20007800                __cy_stack_limit = .
                0x20008000                . = (. + 0x800)
 *fill*         0x20007800      0x800 
                0x00000001                ASSERT ((__cy_stack_limit >= __cy_heap_limit), region RAM overflowed with stack)
                0x00000000                cy_checksum_exclude_size = (CY_APPL_LOADABLE == 0x1)?SIZEOF (.cy_checksum_exclude):0x0
                0x00000001                ASSERT ((cy_checksum_exclude_size <= CY_CHECKSUM_EXCLUDE_SIZE), CY_BOOT: Section .cy_checksum_exclude size exceedes specified limit.)

.cyloadermeta
 *(.cyloadermeta)

.cyloadablemeta
 *(.cyloadablemeta)

.cyconfigecc    0x80000000      0x56c
 *(.cyconfigecc)
 .cyconfigecc   0x80000000      0x56c .\CortexM3\ARM_GCC_541\Debug\cymetadata.o
                0x80000000                cy_meta_configecc

.cycustnvl      0x90000000        0x4
 *(.cycustnvl)
 .cycustnvl     0x90000000        0x4 .\CortexM3\ARM_GCC_541\Debug\cymetadata.o
                0x90000000                cy_meta_custnvl

.cywolatch      0x90100000        0x4
 *(.cywolatch)
 .cywolatch     0x90100000        0x4 .\CortexM3\ARM_GCC_541\Debug\cymetadata.o
                0x90100000                cy_meta_wonvl

.cyeeprom       0x90200000        0x0
                0x90200000                . = ALIGN (0x4)
 *(.cyeeprom)
                0x00000001                ASSERT ((. <= ((0x90200000 + ee_offset) + ee_size)), .cyeeprom data will not fit in EEPROM)

.cyflashprotect
                0x90400000      0x100
 *(.cyflashprotect)
 .cyflashprotect
                0x90400000      0x100 .\CortexM3\ARM_GCC_541\Debug\cymetadata.o
                0x90400000                cy_meta_flashprotect

.cymeta         0x90500000        0xc
 *(.cymeta)
 .cymeta        0x90500000        0xc .\CortexM3\ARM_GCC_541\Debug\cymetadata.o
                0x90500000                cy_metadata

.rel.dyn        0x00002590        0x0
 .rel.iplt      0x00002590        0x0 c:/program files (x86)/cypress/psoc creator/4.2/psoc creator/import/gnu/arm/5.4.1/bin/../lib/gcc/arm-none-eabi/9.2.1/thumb/v7-m/nofp/crtbegin.o

.stab           0x00000000       0x24
 *(.stab)
 .stab          0x00000000       0x24 c:/program files (x86)/cypress/psoc creator/4.2/psoc creator/import/gnu/arm/5.4.1/bin/../lib/gcc/arm-none-eabi/9.2.1/../../../../arm-none-eabi/lib/thumb/v7-m/nofp\libnosys.a(gettod.o)

.stabstr        0x00000000       0x4e
 *(.stabstr)
 .stabstr       0x00000000       0x4e c:/program files (x86)/cypress/psoc creator/4.2/psoc creator/import/gnu/arm/5.4.1/bin/../lib/gcc/arm-none-eabi/9.2.1/../../../../arm-none-eabi/lib/thumb/v7-m/nofp\libnosys.a(gettod.o)

.debug
 *(.debug)

.line
 *(.line)

.debug_srcinfo
 *(.debug_srcinfo)

.debug_sfnames
 *(.debug_sfnames)

.debug_aranges  0x00000000      0xa38
 *(.debug_aranges)
 .debug_aranges
                0x00000000       0x20 .\CortexM3\ARM_GCC_541\Debug\main.o
 .debug_aranges
                0x00000020       0x38 .\CortexM3\ARM_GCC_541\Debug\RaspberryIF.o
 .debug_aranges
                0x00000058       0x30 .\CortexM3\ARM_GCC_541\Debug\PSOC_controller.o
 .debug_aranges
                0x00000088       0x58 .\CortexM3\ARM_GCC_541\Debug\Tester.o
 .debug_aranges
                0x000000e0       0x80 .\CortexM3\ARM_GCC_541\Debug\DispenserIF.o
 .debug_aranges
                0x00000160       0x58 .\CortexM3\ARM_GCC_541\Debug\cyfitter_cfg.o
 .debug_aranges
                0x000001b8       0x18 .\CortexM3\ARM_GCC_541\Debug\cymetadata.o
 .debug_aranges
                0x000001d0       0x48 .\CortexM3\ARM_GCC_541\Debug\Cm3Start.o
 .debug_aranges
                0x00000218      0x2a0 .\CortexM3\ARM_GCC_541\Debug\Design01.a(CyLib.o)
 .debug_aranges
                0x000004b8       0xf0 .\CortexM3\ARM_GCC_541\Debug\Design01.a(UART_tester.o)
 .debug_aranges
                0x000005a8       0x70 .\CortexM3\ARM_GCC_541\Debug\Design01.a(UART_tester_IntClock.o)
 .debug_aranges
                0x00000618       0x38 .\CortexM3\ARM_GCC_541\Debug\Design01.a(LED.o)
 .debug_aranges
                0x00000650       0xe0 .\CortexM3\ARM_GCC_541\Debug\Design01.a(SPIS_1.o)
 .debug_aranges
                0x00000730       0x80 .\CortexM3\ARM_GCC_541\Debug\Design01.a(isr_1.o)
 .debug_aranges
                0x000007b0       0x38 .\CortexM3\ARM_GCC_541\Debug\Design01.a(Pin_A1.o)
 .debug_aranges
                0x000007e8       0x38 .\CortexM3\ARM_GCC_541\Debug\Design01.a(Pin_B1.o)
 .debug_aranges
                0x00000820       0x38 .\CortexM3\ARM_GCC_541\Debug\Design01.a(Pin_B2.o)
 .debug_aranges
                0x00000858       0x38 .\CortexM3\ARM_GCC_541\Debug\Design01.a(Motor_Calibration_Sensor.o)
 .debug_aranges
                0x00000890       0x38 .\CortexM3\ARM_GCC_541\Debug\Design01.a(Pin_A2.o)
 .debug_aranges
                0x000008c8       0x38 .\CortexM3\ARM_GCC_541\Debug\Design01.a(Pill_Container_Sensor.o)
 .debug_aranges
                0x00000900       0x38 .\CortexM3\ARM_GCC_541\Debug\Design01.a(RPI_INT.o)
 .debug_aranges
                0x00000938       0x38 .\CortexM3\ARM_GCC_541\Debug\Design01.a(Pin_C1.o)
 .debug_aranges
                0x00000970       0x38 .\CortexM3\ARM_GCC_541\Debug\Design01.a(Pin_C2.o)
 .debug_aranges
                0x000009a8       0x38 .\CortexM3\ARM_GCC_541\Debug\Design01.a(Pin_D1.o)
 .debug_aranges
                0x000009e0       0x38 .\CortexM3\ARM_GCC_541\Debug\Design01.a(Pin_D2.o)
 .debug_aranges
                0x00000a18       0x20 .\CortexM3\ARM_GCC_541\Debug\Design01.a(CyBootAsmGnu.o)

.debug_pubnames
 *(.debug_pubnames)

.debug_info     0x00000000     0xc4aa
 *(.debug_info .gnu.linkonce.wi.*)
 .debug_info    0x00000000      0xd4e .\CortexM3\ARM_GCC_541\Debug\main.o
 .debug_info    0x00000d4e      0xd93 .\CortexM3\ARM_GCC_541\Debug\RaspberryIF.o
 .debug_info    0x00001ae1      0xe4f .\CortexM3\ARM_GCC_541\Debug\PSOC_controller.o
 .debug_info    0x00002930      0xe02 .\CortexM3\ARM_GCC_541\Debug\Tester.o
 .debug_info    0x00003732     0x1569 .\CortexM3\ARM_GCC_541\Debug\DispenserIF.o
 .debug_info    0x00004c9b      0xf81 .\CortexM3\ARM_GCC_541\Debug\cyfitter_cfg.o
 .debug_info    0x00005c1c      0x131 .\CortexM3\ARM_GCC_541\Debug\cymetadata.o
 .debug_info    0x00005d4d      0xd32 .\CortexM3\ARM_GCC_541\Debug\Cm3Start.o
 .debug_info    0x00006a7f     0x1ea0 .\CortexM3\ARM_GCC_541\Debug\Design01.a(CyLib.o)
 .debug_info    0x0000891f      0xfca .\CortexM3\ARM_GCC_541\Debug\Design01.a(UART_tester.o)
 .debug_info    0x000098e9      0x2d2 .\CortexM3\ARM_GCC_541\Debug\Design01.a(UART_tester_IntClock.o)
 .debug_info    0x00009bbb      0x132 .\CortexM3\ARM_GCC_541\Debug\Design01.a(LED.o)
 .debug_info    0x00009ced      0xe66 .\CortexM3\ARM_GCC_541\Debug\Design01.a(SPIS_1.o)
 .debug_info    0x0000ab53      0xc0b .\CortexM3\ARM_GCC_541\Debug\Design01.a(isr_1.o)
 .debug_info    0x0000b75e      0x132 .\CortexM3\ARM_GCC_541\Debug\Design01.a(Pin_A1.o)
 .debug_info    0x0000b890      0x132 .\CortexM3\ARM_GCC_541\Debug\Design01.a(Pin_B1.o)
 .debug_info    0x0000b9c2      0x132 .\CortexM3\ARM_GCC_541\Debug\Design01.a(Pin_B2.o)
 .debug_info    0x0000baf4      0x132 .\CortexM3\ARM_GCC_541\Debug\Design01.a(Motor_Calibration_Sensor.o)
 .debug_info    0x0000bc26      0x132 .\CortexM3\ARM_GCC_541\Debug\Design01.a(Pin_A2.o)
 .debug_info    0x0000bd58      0x132 .\CortexM3\ARM_GCC_541\Debug\Design01.a(Pill_Container_Sensor.o)
 .debug_info    0x0000be8a      0x132 .\CortexM3\ARM_GCC_541\Debug\Design01.a(RPI_INT.o)
 .debug_info    0x0000bfbc      0x132 .\CortexM3\ARM_GCC_541\Debug\Design01.a(Pin_C1.o)
 .debug_info    0x0000c0ee      0x132 .\CortexM3\ARM_GCC_541\Debug\Design01.a(Pin_C2.o)
 .debug_info    0x0000c220      0x132 .\CortexM3\ARM_GCC_541\Debug\Design01.a(Pin_D1.o)
 .debug_info    0x0000c352      0x132 .\CortexM3\ARM_GCC_541\Debug\Design01.a(Pin_D2.o)
 .debug_info    0x0000c484       0x26 .\CortexM3\ARM_GCC_541\Debug\Design01.a(CyBootAsmGnu.o)

.debug_abbrev   0x00000000     0x2b97
 *(.debug_abbrev)
 .debug_abbrev  0x00000000      0x263 .\CortexM3\ARM_GCC_541\Debug\main.o
 .debug_abbrev  0x00000263      0x2ab .\CortexM3\ARM_GCC_541\Debug\RaspberryIF.o
 .debug_abbrev  0x0000050e      0x2c8 .\CortexM3\ARM_GCC_541\Debug\PSOC_controller.o
 .debug_abbrev  0x000007d6      0x251 .\CortexM3\ARM_GCC_541\Debug\Tester.o
 .debug_abbrev  0x00000a27      0x380 .\CortexM3\ARM_GCC_541\Debug\DispenserIF.o
 .debug_abbrev  0x00000da7      0x351 .\CortexM3\ARM_GCC_541\Debug\cyfitter_cfg.o
 .debug_abbrev  0x000010f8       0x7d .\CortexM3\ARM_GCC_541\Debug\cymetadata.o
 .debug_abbrev  0x00001175      0x364 .\CortexM3\ARM_GCC_541\Debug\Cm3Start.o
 .debug_abbrev  0x000014d9      0x3e1 .\CortexM3\ARM_GCC_541\Debug\Design01.a(CyLib.o)
 .debug_abbrev  0x000018ba      0x305 .\CortexM3\ARM_GCC_541\Debug\Design01.a(UART_tester.o)
 .debug_abbrev  0x00001bbf      0x123 .\CortexM3\ARM_GCC_541\Debug\Design01.a(UART_tester_IntClock.o)
 .debug_abbrev  0x00001ce2       0xba .\CortexM3\ARM_GCC_541\Debug\Design01.a(LED.o)
 .debug_abbrev  0x00001d9c      0x2c5 .\CortexM3\ARM_GCC_541\Debug\Design01.a(SPIS_1.o)
 .debug_abbrev  0x00002061      0x324 .\CortexM3\ARM_GCC_541\Debug\Design01.a(isr_1.o)
 .debug_abbrev  0x00002385       0xba .\CortexM3\ARM_GCC_541\Debug\Design01.a(Pin_A1.o)
 .debug_abbrev  0x0000243f       0xba .\CortexM3\ARM_GCC_541\Debug\Design01.a(Pin_B1.o)
 .debug_abbrev  0x000024f9       0xba .\CortexM3\ARM_GCC_541\Debug\Design01.a(Pin_B2.o)
 .debug_abbrev  0x000025b3       0xba .\CortexM3\ARM_GCC_541\Debug\Design01.a(Motor_Calibration_Sensor.o)
 .debug_abbrev  0x0000266d       0xba .\CortexM3\ARM_GCC_541\Debug\Design01.a(Pin_A2.o)
 .debug_abbrev  0x00002727       0xba .\CortexM3\ARM_GCC_541\Debug\Design01.a(Pill_Container_Sensor.o)
 .debug_abbrev  0x000027e1       0xba .\CortexM3\ARM_GCC_541\Debug\Design01.a(RPI_INT.o)
 .debug_abbrev  0x0000289b       0xba .\CortexM3\ARM_GCC_541\Debug\Design01.a(Pin_C1.o)
 .debug_abbrev  0x00002955       0xba .\CortexM3\ARM_GCC_541\Debug\Design01.a(Pin_C2.o)
 .debug_abbrev  0x00002a0f       0xba .\CortexM3\ARM_GCC_541\Debug\Design01.a(Pin_D1.o)
 .debug_abbrev  0x00002ac9       0xba .\CortexM3\ARM_GCC_541\Debug\Design01.a(Pin_D2.o)
 .debug_abbrev  0x00002b83       0x14 .\CortexM3\ARM_GCC_541\Debug\Design01.a(CyBootAsmGnu.o)

.debug_line     0x00000000     0x5a2e
 *(.debug_line)
 .debug_line    0x00000000      0x342 .\CortexM3\ARM_GCC_541\Debug\main.o
 .debug_line    0x00000342      0x48d .\CortexM3\ARM_GCC_541\Debug\RaspberryIF.o
 .debug_line    0x000007cf      0x484 .\CortexM3\ARM_GCC_541\Debug\PSOC_controller.o
 .debug_line    0x00000c53      0x49a .\CortexM3\ARM_GCC_541\Debug\Tester.o
 .debug_line    0x000010ed      0x83e .\CortexM3\ARM_GCC_541\Debug\DispenserIF.o
 .debug_line    0x0000192b      0x4bf .\CortexM3\ARM_GCC_541\Debug\cyfitter_cfg.o
 .debug_line    0x00001dea      0x141 .\CortexM3\ARM_GCC_541\Debug\cymetadata.o
 .debug_line    0x00001f2b      0x4a1 .\CortexM3\ARM_GCC_541\Debug\Cm3Start.o
 .debug_line    0x000023cc     0x17bf .\CortexM3\ARM_GCC_541\Debug\Design01.a(CyLib.o)
 .debug_line    0x00003b8b      0x751 .\CortexM3\ARM_GCC_541\Debug\Design01.a(UART_tester.o)
 .debug_line    0x000042dc      0x3c5 .\CortexM3\ARM_GCC_541\Debug\Design01.a(UART_tester_IntClock.o)
 .debug_line    0x000046a1       0xcb .\CortexM3\ARM_GCC_541\Debug\Design01.a(LED.o)
 .debug_line    0x0000476c      0x5f6 .\CortexM3\ARM_GCC_541\Debug\Design01.a(SPIS_1.o)
 .debug_line    0x00004d62      0x36f .\CortexM3\ARM_GCC_541\Debug\Design01.a(isr_1.o)
 .debug_line    0x000050d1       0xcb .\CortexM3\ARM_GCC_541\Debug\Design01.a(Pin_A1.o)
 .debug_line    0x0000519c       0xce .\CortexM3\ARM_GCC_541\Debug\Design01.a(Pin_B1.o)
 .debug_line    0x0000526a       0xce .\CortexM3\ARM_GCC_541\Debug\Design01.a(Pin_B2.o)
 .debug_line    0x00005338       0xe0 .\CortexM3\ARM_GCC_541\Debug\Design01.a(Motor_Calibration_Sensor.o)
 .debug_line    0x00005418       0xce .\CortexM3\ARM_GCC_541\Debug\Design01.a(Pin_A2.o)
 .debug_line    0x000054e6       0xdd .\CortexM3\ARM_GCC_541\Debug\Design01.a(Pill_Container_Sensor.o)
 .debug_line    0x000055c3       0xcf .\CortexM3\ARM_GCC_541\Debug\Design01.a(RPI_INT.o)
 .debug_line    0x00005692       0xce .\CortexM3\ARM_GCC_541\Debug\Design01.a(Pin_C1.o)
 .debug_line    0x00005760       0xce .\CortexM3\ARM_GCC_541\Debug\Design01.a(Pin_C2.o)
 .debug_line    0x0000582e       0xcc .\CortexM3\ARM_GCC_541\Debug\Design01.a(Pin_D1.o)
 .debug_line    0x000058fa       0xce .\CortexM3\ARM_GCC_541\Debug\Design01.a(Pin_D2.o)
 .debug_line    0x000059c8       0x66 .\CortexM3\ARM_GCC_541\Debug\Design01.a(CyBootAsmGnu.o)

.debug_frame    0x00000000     0x1e90
 *(.debug_frame)
 .debug_frame   0x00000000       0x2c .\CortexM3\ARM_GCC_541\Debug\main.o
 .debug_frame   0x0000002c       0x7c .\CortexM3\ARM_GCC_541\Debug\RaspberryIF.o
 .debug_frame   0x000000a8       0x70 .\CortexM3\ARM_GCC_541\Debug\PSOC_controller.o
 .debug_frame   0x00000118       0xf4 .\CortexM3\ARM_GCC_541\Debug\Tester.o
 .debug_frame   0x0000020c      0x190 .\CortexM3\ARM_GCC_541\Debug\DispenserIF.o
 .debug_frame   0x0000039c       0xe4 .\CortexM3\ARM_GCC_541\Debug\cyfitter_cfg.o
 .debug_frame   0x00000480       0xb8 .\CortexM3\ARM_GCC_541\Debug\Cm3Start.o
 .debug_frame   0x00000538      0x72c .\CortexM3\ARM_GCC_541\Debug\Design01.a(CyLib.o)
 .debug_frame   0x00000c64      0x234 .\CortexM3\ARM_GCC_541\Debug\Design01.a(UART_tester.o)
 .debug_frame   0x00000e98       0xe0 .\CortexM3\ARM_GCC_541\Debug\Design01.a(UART_tester_IntClock.o)
 .debug_frame   0x00000f78       0x50 .\CortexM3\ARM_GCC_541\Debug\Design01.a(LED.o)
 .debug_frame   0x00000fc8      0x1f8 .\CortexM3\ARM_GCC_541\Debug\Design01.a(SPIS_1.o)
 .debug_frame   0x000011c0      0x104 .\CortexM3\ARM_GCC_541\Debug\Design01.a(isr_1.o)
 .debug_frame   0x000012c4       0x50 .\CortexM3\ARM_GCC_541\Debug\Design01.a(Pin_A1.o)
 .debug_frame   0x00001314       0x50 .\CortexM3\ARM_GCC_541\Debug\Design01.a(Pin_B1.o)
 .debug_frame   0x00001364       0x50 .\CortexM3\ARM_GCC_541\Debug\Design01.a(Pin_B2.o)
 .debug_frame   0x000013b4       0x50 .\CortexM3\ARM_GCC_541\Debug\Design01.a(Motor_Calibration_Sensor.o)
 .debug_frame   0x00001404       0x50 .\CortexM3\ARM_GCC_541\Debug\Design01.a(Pin_A2.o)
 .debug_frame   0x00001454       0x50 .\CortexM3\ARM_GCC_541\Debug\Design01.a(Pill_Container_Sensor.o)
 .debug_frame   0x000014a4       0x50 .\CortexM3\ARM_GCC_541\Debug\Design01.a(RPI_INT.o)
 .debug_frame   0x000014f4       0x50 .\CortexM3\ARM_GCC_541\Debug\Design01.a(Pin_C1.o)
 .debug_frame   0x00001544       0x50 .\CortexM3\ARM_GCC_541\Debug\Design01.a(Pin_C2.o)
 .debug_frame   0x00001594       0x50 .\CortexM3\ARM_GCC_541\Debug\Design01.a(Pin_D1.o)
 .debug_frame   0x000015e4       0x50 .\CortexM3\ARM_GCC_541\Debug\Design01.a(Pin_D2.o)
 .debug_frame   0x00001634       0xac c:/program files (x86)/cypress/psoc creator/4.2/psoc creator/import/gnu/arm/5.4.1/bin/../lib/gcc/arm-none-eabi/9.2.1/thumb/v7-m/nofp\libgcc.a(_arm_addsubdf3.o)
 .debug_frame   0x000016e0       0xc4 c:/program files (x86)/cypress/psoc creator/4.2/psoc creator/import/gnu/arm/5.4.1/bin/../lib/gcc/arm-none-eabi/9.2.1/thumb/v7-m/nofp\libgcc.a(_arm_cmpdf2.o)
 .debug_frame   0x000017a4       0x24 c:/program files (x86)/cypress/psoc creator/4.2/psoc creator/import/gnu/arm/5.4.1/bin/../lib/gcc/arm-none-eabi/9.2.1/thumb/v7-m/nofp\libgcc.a(_arm_truncdfsf2.o)
 .debug_frame   0x000017c8       0x4c c:/program files (x86)/cypress/psoc creator/4.2/psoc creator/import/gnu/arm/5.4.1/bin/../lib/gcc/arm-none-eabi/9.2.1/thumb/v7-m/nofp\libgcc.a(_arm_addsubsf3.o)
 .debug_frame   0x00001814       0xc8 c:/program files (x86)/cypress/psoc creator/4.2/psoc creator/import/gnu/arm/5.4.1/bin/../lib/gcc/arm-none-eabi/9.2.1/thumb/v7-m/nofp\libgcc.a(_arm_cmpsf2.o)
 .debug_frame   0x000018dc       0x20 c:/program files (x86)/cypress/psoc creator/4.2/psoc creator/import/gnu/arm/5.4.1/bin/../lib/gcc/arm-none-eabi/9.2.1/../../../../arm-none-eabi/lib/thumb/v7-m/nofp\libg_nano.a(lib_a-calloc.o)
 .debug_frame   0x000018fc       0x20 c:/program files (x86)/cypress/psoc creator/4.2/psoc creator/import/gnu/arm/5.4.1/bin/../lib/gcc/arm-none-eabi/9.2.1/../../../../arm-none-eabi/lib/thumb/v7-m/nofp\libg_nano.a(lib_a-errno.o)
 .debug_frame   0x0000191c       0x2c c:/program files (x86)/cypress/psoc creator/4.2/psoc creator/import/gnu/arm/5.4.1/bin/../lib/gcc/arm-none-eabi/9.2.1/../../../../arm-none-eabi/lib/thumb/v7-m/nofp\libg_nano.a(lib_a-init.o)
 .debug_frame   0x00001948       0x28 c:/program files (x86)/cypress/psoc creator/4.2/psoc creator/import/gnu/arm/5.4.1/bin/../lib/gcc/arm-none-eabi/9.2.1/../../../../arm-none-eabi/lib/thumb/v7-m/nofp\libg_nano.a(lib_a-memcpy-stub.o)
 .debug_frame   0x00001970       0x20 c:/program files (x86)/cypress/psoc creator/4.2/psoc creator/import/gnu/arm/5.4.1/bin/../lib/gcc/arm-none-eabi/9.2.1/../../../../arm-none-eabi/lib/thumb/v7-m/nofp\libg_nano.a(lib_a-memset.o)
 .debug_frame   0x00001990       0x2c c:/program files (x86)/cypress/psoc creator/4.2/psoc creator/import/gnu/arm/5.4.1/bin/../lib/gcc/arm-none-eabi/9.2.1/../../../../arm-none-eabi/lib/thumb/v7-m/nofp\libg_nano.a(lib_a-nano-callocr.o)
 .debug_frame   0x000019bc       0x30 c:/program files (x86)/cypress/psoc creator/4.2/psoc creator/import/gnu/arm/5.4.1/bin/../lib/gcc/arm-none-eabi/9.2.1/../../../../arm-none-eabi/lib/thumb/v7-m/nofp\libg_nano.a(lib_a-nano-mallocr.o)
 .debug_frame   0x000019ec       0x44 c:/program files (x86)/cypress/psoc creator/4.2/psoc creator/import/gnu/arm/5.4.1/bin/../lib/gcc/arm-none-eabi/9.2.1/../../../../arm-none-eabi/lib/thumb/v7-m/nofp\libg_nano.a(lib_a-rand.o)
 .debug_frame   0x00001a30       0x2c c:/program files (x86)/cypress/psoc creator/4.2/psoc creator/import/gnu/arm/5.4.1/bin/../lib/gcc/arm-none-eabi/9.2.1/../../../../arm-none-eabi/lib/thumb/v7-m/nofp\libg_nano.a(lib_a-sbrkr.o)
 .debug_frame   0x00001a5c       0x7c c:/program files (x86)/cypress/psoc creator/4.2/psoc creator/import/gnu/arm/5.4.1/bin/../lib/gcc/arm-none-eabi/9.2.1/../../../../arm-none-eabi/lib/thumb/v7-m/nofp\libg_nano.a(lib_a-snprintf.o)
 .debug_frame   0x00001ad8       0x2c c:/program files (x86)/cypress/psoc creator/4.2/psoc creator/import/gnu/arm/5.4.1/bin/../lib/gcc/arm-none-eabi/9.2.1/../../../../arm-none-eabi/lib/thumb/v7-m/nofp\libg_nano.a(lib_a-time.o)
 .debug_frame   0x00001b04       0x2c c:/program files (x86)/cypress/psoc creator/4.2/psoc creator/import/gnu/arm/5.4.1/bin/../lib/gcc/arm-none-eabi/9.2.1/../../../../arm-none-eabi/lib/thumb/v7-m/nofp\libg_nano.a(lib_a-gettimeofdayr.o)
 .debug_frame   0x00001b30       0x30 c:/program files (x86)/cypress/psoc creator/4.2/psoc creator/import/gnu/arm/5.4.1/bin/../lib/gcc/arm-none-eabi/9.2.1/../../../../arm-none-eabi/lib/thumb/v7-m/nofp\libg_nano.a(lib_a-malloc.o)
 .debug_frame   0x00001b60       0x30 c:/program files (x86)/cypress/psoc creator/4.2/psoc creator/import/gnu/arm/5.4.1/bin/../lib/gcc/arm-none-eabi/9.2.1/../../../../arm-none-eabi/lib/thumb/v7-m/nofp\libg_nano.a(lib_a-mlock.o)
 .debug_frame   0x00001b90       0x38 c:/program files (x86)/cypress/psoc creator/4.2/psoc creator/import/gnu/arm/5.4.1/bin/../lib/gcc/arm-none-eabi/9.2.1/../../../../arm-none-eabi/lib/thumb/v7-m/nofp\libg_nano.a(lib_a-nano-freer.o)
 .debug_frame   0x00001bc8       0x90 c:/program files (x86)/cypress/psoc creator/4.2/psoc creator/import/gnu/arm/5.4.1/bin/../lib/gcc/arm-none-eabi/9.2.1/../../../../arm-none-eabi/lib/thumb/v7-m/nofp\libg_nano.a(lib_a-nano-svfprintf.o)
 .debug_frame   0x00001c58       0x60 c:/program files (x86)/cypress/psoc creator/4.2/psoc creator/import/gnu/arm/5.4.1/bin/../lib/gcc/arm-none-eabi/9.2.1/../../../../arm-none-eabi/lib/thumb/v7-m/nofp\libg_nano.a(lib_a-nano-vfprintf_i.o)
 .debug_frame   0x00001cb8       0x5c c:/program files (x86)/cypress/psoc creator/4.2/psoc creator/import/gnu/arm/5.4.1/bin/../lib/gcc/arm-none-eabi/9.2.1/../../../../arm-none-eabi/lib/thumb/v7-m/nofp\libg_nano.a(lib_a-reent.o)
 .debug_frame   0x00001d14       0xb0 c:/program files (x86)/cypress/psoc creator/4.2/psoc creator/import/gnu/arm/5.4.1/bin/../lib/gcc/arm-none-eabi/9.2.1/../../../../arm-none-eabi/lib/thumb/v7-m/nofp\libg_nano.a(lib_a-lock.o)
 .debug_frame   0x00001dc4       0x28 c:/program files (x86)/cypress/psoc creator/4.2/psoc creator/import/gnu/arm/5.4.1/bin/../lib/gcc/arm-none-eabi/9.2.1/../../../../arm-none-eabi/lib/thumb/v7-m/nofp\libg_nano.a(lib_a-memchr-stub.o)
 .debug_frame   0x00001dec       0x28 c:/program files (x86)/cypress/psoc creator/4.2/psoc creator/import/gnu/arm/5.4.1/bin/../lib/gcc/arm-none-eabi/9.2.1/../../../../arm-none-eabi/lib/thumb/v7-m/nofp\libg_nano.a(lib_a-memmove.o)
 .debug_frame   0x00001e14       0x3c c:/program files (x86)/cypress/psoc creator/4.2/psoc creator/import/gnu/arm/5.4.1/bin/../lib/gcc/arm-none-eabi/9.2.1/../../../../arm-none-eabi/lib/thumb/v7-m/nofp\libg_nano.a(lib_a-nano-reallocr.o)
 .debug_frame   0x00001e50       0x20 c:/program files (x86)/cypress/psoc creator/4.2/psoc creator/import/gnu/arm/5.4.1/bin/../lib/gcc/arm-none-eabi/9.2.1/../../../../arm-none-eabi/lib/thumb/v7-m/nofp\libg_nano.a(lib_a-nano-msizer.o)
 .debug_frame   0x00001e70       0x20 c:/program files (x86)/cypress/psoc creator/4.2/psoc creator/import/gnu/arm/5.4.1/bin/../lib/gcc/arm-none-eabi/9.2.1/../../../../arm-none-eabi/lib/thumb/v7-m/nofp\libnosys.a(gettod.o)

.debug_str      0x00000000     0x234e
 *(.debug_str)
 .debug_str     0x00000000      0x7f5 .\CortexM3\ARM_GCC_541\Debug\main.o
                                0x88c (size before relaxing)
 .debug_str     0x000007f5       0xb1 .\CortexM3\ARM_GCC_541\Debug\RaspberryIF.o
                                0x8a4 (size before relaxing)
 .debug_str     0x000008a6       0x5d .\CortexM3\ARM_GCC_541\Debug\PSOC_controller.o
                                0x7f1 (size before relaxing)
 .debug_str     0x00000903       0xdb .\CortexM3\ARM_GCC_541\Debug\Tester.o
                                0x7a2 (size before relaxing)
 .debug_str     0x000009de      0x1d8 .\CortexM3\ARM_GCC_541\Debug\DispenserIF.o
                                0x913 (size before relaxing)
 .debug_str     0x00000bb6      0x1b6 .\CortexM3\ARM_GCC_541\Debug\cyfitter_cfg.o
                                0x7c9 (size before relaxing)
 .debug_str     0x00000d6c       0x75 .\CortexM3\ARM_GCC_541\Debug\cymetadata.o
                                0x1f2 (size before relaxing)
 .debug_str     0x00000de1      0x142 .\CortexM3\ARM_GCC_541\Debug\Cm3Start.o
                                0x770 (size before relaxing)
 .debug_str     0x00000f23      0x805 .\CortexM3\ARM_GCC_541\Debug\Design01.a(CyLib.o)
                                0xe55 (size before relaxing)
 .debug_str     0x00001728      0x344 .\CortexM3\ARM_GCC_541\Debug\Design01.a(UART_tester.o)
                                0x9b2 (size before relaxing)
 .debug_str     0x00001a6c      0x1c9 .\CortexM3\ARM_GCC_541\Debug\Design01.a(UART_tester_IntClock.o)
                                0x3a1 (size before relaxing)
 .debug_str     0x00001c35       0x52 .\CortexM3\ARM_GCC_541\Debug\Design01.a(LED.o)
                                0x1ef (size before relaxing)
 .debug_str     0x00001c87      0x1db .\CortexM3\ARM_GCC_541\Debug\Design01.a(SPIS_1.o)
                                0x8a3 (size before relaxing)
 .debug_str     0x00001e62       0xd8 .\CortexM3\ARM_GCC_541\Debug\Design01.a(isr_1.o)
                                0x703 (size before relaxing)
 .debug_str     0x00001f3a       0x53 .\CortexM3\ARM_GCC_541\Debug\Design01.a(Pin_A1.o)
                                0x1fe (size before relaxing)
 .debug_str     0x00001f8d       0x53 .\CortexM3\ARM_GCC_541\Debug\Design01.a(Pin_B1.o)
                                0x1fe (size before relaxing)
 .debug_str     0x00001fe0       0x53 .\CortexM3\ARM_GCC_541\Debug\Design01.a(Pin_B2.o)
                                0x1fe (size before relaxing)
 .debug_str     0x00002033       0x7d .\CortexM3\ARM_GCC_541\Debug\Design01.a(Motor_Calibration_Sensor.o)
                                0x258 (size before relaxing)
 .debug_str     0x000020b0       0x53 .\CortexM3\ARM_GCC_541\Debug\Design01.a(Pin_A2.o)
                                0x1fe (size before relaxing)
 .debug_str     0x00002103       0x74 .\CortexM3\ARM_GCC_541\Debug\Design01.a(Pill_Container_Sensor.o)
                                0x249 (size before relaxing)
 .debug_str     0x00002177       0x57 .\CortexM3\ARM_GCC_541\Debug\Design01.a(RPI_INT.o)
                                0x203 (size before relaxing)
 .debug_str     0x000021ce       0x53 .\CortexM3\ARM_GCC_541\Debug\Design01.a(Pin_C1.o)
                                0x1fe (size before relaxing)
 .debug_str     0x00002221       0x53 .\CortexM3\ARM_GCC_541\Debug\Design01.a(Pin_C2.o)
                                0x1fe (size before relaxing)
 .debug_str     0x00002274       0x53 .\CortexM3\ARM_GCC_541\Debug\Design01.a(Pin_D1.o)
                                0x1fe (size before relaxing)
 .debug_str     0x000022c7       0x53 .\CortexM3\ARM_GCC_541\Debug\Design01.a(Pin_D2.o)
                                0x1fe (size before relaxing)
 .debug_str     0x0000231a       0x34 .\CortexM3\ARM_GCC_541\Debug\Design01.a(CyBootAsmGnu.o)
                                 0x72 (size before relaxing)

.debug_loc      0x00000000     0x26b4
 *(.debug_loc)
 .debug_loc     0x00000000       0xf1 .\CortexM3\ARM_GCC_541\Debug\RaspberryIF.o
 .debug_loc     0x000000f1      0x152 .\CortexM3\ARM_GCC_541\Debug\PSOC_controller.o
 .debug_loc     0x00000243      0x17e .\CortexM3\ARM_GCC_541\Debug\Tester.o
 .debug_loc     0x000003c1      0x62b .\CortexM3\ARM_GCC_541\Debug\DispenserIF.o
 .debug_loc     0x000009ec      0x2cf .\CortexM3\ARM_GCC_541\Debug\cyfitter_cfg.o
 .debug_loc     0x00000cbb      0x1cd .\CortexM3\ARM_GCC_541\Debug\Cm3Start.o
 .debug_loc     0x00000e88      0xd8f .\CortexM3\ARM_GCC_541\Debug\Design01.a(CyLib.o)
 .debug_loc     0x00001c17      0x294 .\CortexM3\ARM_GCC_541\Debug\Design01.a(UART_tester.o)
 .debug_loc     0x00001eab      0x196 .\CortexM3\ARM_GCC_541\Debug\Design01.a(UART_tester_IntClock.o)
 .debug_loc     0x00002041       0x5f .\CortexM3\ARM_GCC_541\Debug\Design01.a(LED.o)
 .debug_loc     0x000020a0      0x175 .\CortexM3\ARM_GCC_541\Debug\Design01.a(SPIS_1.o)
 .debug_loc     0x00002215       0x8a .\CortexM3\ARM_GCC_541\Debug\Design01.a(isr_1.o)
 .debug_loc     0x0000229f       0x5f .\CortexM3\ARM_GCC_541\Debug\Design01.a(Pin_A1.o)
 .debug_loc     0x000022fe       0x5f .\CortexM3\ARM_GCC_541\Debug\Design01.a(Pin_B1.o)
 .debug_loc     0x0000235d       0x5f .\CortexM3\ARM_GCC_541\Debug\Design01.a(Pin_B2.o)
 .debug_loc     0x000023bc       0x5f .\CortexM3\ARM_GCC_541\Debug\Design01.a(Motor_Calibration_Sensor.o)
 .debug_loc     0x0000241b       0x5f .\CortexM3\ARM_GCC_541\Debug\Design01.a(Pin_A2.o)
 .debug_loc     0x0000247a       0x5f .\CortexM3\ARM_GCC_541\Debug\Design01.a(Pill_Container_Sensor.o)
 .debug_loc     0x000024d9       0x5f .\CortexM3\ARM_GCC_541\Debug\Design01.a(RPI_INT.o)
 .debug_loc     0x00002538       0x5f .\CortexM3\ARM_GCC_541\Debug\Design01.a(Pin_C1.o)
 .debug_loc     0x00002597       0x5f .\CortexM3\ARM_GCC_541\Debug\Design01.a(Pin_C2.o)
 .debug_loc     0x000025f6       0x5f .\CortexM3\ARM_GCC_541\Debug\Design01.a(Pin_D1.o)
 .debug_loc     0x00002655       0x5f .\CortexM3\ARM_GCC_541\Debug\Design01.a(Pin_D2.o)

.debug_macinfo
 *(.debug_macinfo)

.debug_ranges   0x00000000      0x910
 *(.debug_ranges)
 .debug_ranges  0x00000000       0x10 .\CortexM3\ARM_GCC_541\Debug\main.o
 .debug_ranges  0x00000010       0x28 .\CortexM3\ARM_GCC_541\Debug\RaspberryIF.o
 .debug_ranges  0x00000038       0x68 .\CortexM3\ARM_GCC_541\Debug\PSOC_controller.o
 .debug_ranges  0x000000a0       0x48 .\CortexM3\ARM_GCC_541\Debug\Tester.o
 .debug_ranges  0x000000e8       0x70 .\CortexM3\ARM_GCC_541\Debug\DispenserIF.o
 .debug_ranges  0x00000158       0x78 .\CortexM3\ARM_GCC_541\Debug\cyfitter_cfg.o
 .debug_ranges  0x000001d0       0x50 .\CortexM3\ARM_GCC_541\Debug\Cm3Start.o
 .debug_ranges  0x00000220      0x290 .\CortexM3\ARM_GCC_541\Debug\Design01.a(CyLib.o)
 .debug_ranges  0x000004b0       0xe0 .\CortexM3\ARM_GCC_541\Debug\Design01.a(UART_tester.o)
 .debug_ranges  0x00000590       0x60 .\CortexM3\ARM_GCC_541\Debug\Design01.a(UART_tester_IntClock.o)
 .debug_ranges  0x000005f0       0x28 .\CortexM3\ARM_GCC_541\Debug\Design01.a(LED.o)
 .debug_ranges  0x00000618       0xd0 .\CortexM3\ARM_GCC_541\Debug\Design01.a(SPIS_1.o)
 .debug_ranges  0x000006e8       0x70 .\CortexM3\ARM_GCC_541\Debug\Design01.a(isr_1.o)
 .debug_ranges  0x00000758       0x28 .\CortexM3\ARM_GCC_541\Debug\Design01.a(Pin_A1.o)
 .debug_ranges  0x00000780       0x28 .\CortexM3\ARM_GCC_541\Debug\Design01.a(Pin_B1.o)
 .debug_ranges  0x000007a8       0x28 .\CortexM3\ARM_GCC_541\Debug\Design01.a(Pin_B2.o)
 .debug_ranges  0x000007d0       0x28 .\CortexM3\ARM_GCC_541\Debug\Design01.a(Motor_Calibration_Sensor.o)
 .debug_ranges  0x000007f8       0x28 .\CortexM3\ARM_GCC_541\Debug\Design01.a(Pin_A2.o)
 .debug_ranges  0x00000820       0x28 .\CortexM3\ARM_GCC_541\Debug\Design01.a(Pill_Container_Sensor.o)
 .debug_ranges  0x00000848       0x28 .\CortexM3\ARM_GCC_541\Debug\Design01.a(RPI_INT.o)
 .debug_ranges  0x00000870       0x28 .\CortexM3\ARM_GCC_541\Debug\Design01.a(Pin_C1.o)
 .debug_ranges  0x00000898       0x28 .\CortexM3\ARM_GCC_541\Debug\Design01.a(Pin_C2.o)
 .debug_ranges  0x000008c0       0x28 .\CortexM3\ARM_GCC_541\Debug\Design01.a(Pin_D1.o)
 .debug_ranges  0x000008e8       0x28 .\CortexM3\ARM_GCC_541\Debug\Design01.a(Pin_D2.o)

.comment        0x00000000       0x79
 .comment       0x00000000       0x79 .\CortexM3\ARM_GCC_541\Debug\main.o
                                 0x7a (size before relaxing)
 .comment       0x00000079       0x7a .\CortexM3\ARM_GCC_541\Debug\RaspberryIF.o
 .comment       0x00000079       0x7a .\CortexM3\ARM_GCC_541\Debug\PSOC_controller.o
 .comment       0x00000079       0x7a .\CortexM3\ARM_GCC_541\Debug\Tester.o
 .comment       0x00000079       0x7a .\CortexM3\ARM_GCC_541\Debug\DispenserIF.o
 .comment       0x00000079       0x7a .\CortexM3\ARM_GCC_541\Debug\cyfitter_cfg.o
 .comment       0x00000079       0x7a .\CortexM3\ARM_GCC_541\Debug\cymetadata.o
 .comment       0x00000079       0x7a .\CortexM3\ARM_GCC_541\Debug\Cm3Start.o
 .comment       0x00000079       0x7a .\CortexM3\ARM_GCC_541\Debug\Design01.a(CyLib.o)
 .comment       0x00000079       0x7a .\CortexM3\ARM_GCC_541\Debug\Design01.a(UART_tester.o)
 .comment       0x00000079       0x7a .\CortexM3\ARM_GCC_541\Debug\Design01.a(UART_tester_IntClock.o)
 .comment       0x00000079       0x7a .\CortexM3\ARM_GCC_541\Debug\Design01.a(LED.o)
 .comment       0x00000079       0x7a .\CortexM3\ARM_GCC_541\Debug\Design01.a(SPIS_1.o)
 .comment       0x00000079       0x7a .\CortexM3\ARM_GCC_541\Debug\Design01.a(isr_1.o)
 .comment       0x00000079       0x7a .\CortexM3\ARM_GCC_541\Debug\Design01.a(Pin_A1.o)
 .comment       0x00000079       0x7a .\CortexM3\ARM_GCC_541\Debug\Design01.a(Pin_B1.o)
 .comment       0x00000079       0x7a .\CortexM3\ARM_GCC_541\Debug\Design01.a(Pin_B2.o)
 .comment       0x00000079       0x7a .\CortexM3\ARM_GCC_541\Debug\Design01.a(Motor_Calibration_Sensor.o)
 .comment       0x00000079       0x7a .\CortexM3\ARM_GCC_541\Debug\Design01.a(Pin_A2.o)
 .comment       0x00000079       0x7a .\CortexM3\ARM_GCC_541\Debug\Design01.a(Pill_Container_Sensor.o)
 .comment       0x00000079       0x7a .\CortexM3\ARM_GCC_541\Debug\Design01.a(RPI_INT.o)
 .comment       0x00000079       0x7a .\CortexM3\ARM_GCC_541\Debug\Design01.a(Pin_C1.o)
 .comment       0x00000079       0x7a .\CortexM3\ARM_GCC_541\Debug\Design01.a(Pin_C2.o)
 .comment       0x00000079       0x7a .\CortexM3\ARM_GCC_541\Debug\Design01.a(Pin_D1.o)
 .comment       0x00000079       0x7a .\CortexM3\ARM_GCC_541\Debug\Design01.a(Pin_D2.o)

.debug_weaknames
 *(.debug_weaknames)

.debug_funcnames
 *(.debug_funcnames)

.debug_typenames
 *(.debug_typenames)

.debug_varnames
 *(.debug_varnames)

.note.gnu.arm.ident
 *(.note.gnu.arm.ident)

.ARM.attributes
                0x00000000       0x29
 *(.ARM.attributes)
 .ARM.attributes
                0x00000000       0x1d c:/program files (x86)/cypress/psoc creator/4.2/psoc creator/import/gnu/arm/5.4.1/bin/../lib/gcc/arm-none-eabi/9.2.1/thumb/v7-m/nofp/crti.o
 .ARM.attributes
                0x0000001d       0x2d c:/program files (x86)/cypress/psoc creator/4.2/psoc creator/import/gnu/arm/5.4.1/bin/../lib/gcc/arm-none-eabi/9.2.1/thumb/v7-m/nofp/crtbegin.o
 .ARM.attributes
                0x0000004a       0x1b c:/program files (x86)/cypress/psoc creator/4.2/psoc creator/import/gnu/arm/5.4.1/bin/../lib/gcc/arm-none-eabi/9.2.1/../../../../arm-none-eabi/lib/thumb/v7-m/nofp/crt0.o
 .ARM.attributes
                0x00000065       0x2d .\CortexM3\ARM_GCC_541\Debug\main.o
 .ARM.attributes
                0x00000092       0x2d .\CortexM3\ARM_GCC_541\Debug\RaspberryIF.o
 .ARM.attributes
                0x000000bf       0x2d .\CortexM3\ARM_GCC_541\Debug\PSOC_controller.o
 .ARM.attributes
                0x000000ec       0x2d .\CortexM3\ARM_GCC_541\Debug\Tester.o
 .ARM.attributes
                0x00000119       0x2d .\CortexM3\ARM_GCC_541\Debug\DispenserIF.o
 .ARM.attributes
                0x00000146       0x2d .\CortexM3\ARM_GCC_541\Debug\cyfitter_cfg.o
 .ARM.attributes
                0x00000173       0x33 .\CortexM3\ARM_GCC_541\Debug\cymetadata.o
 .ARM.attributes
                0x000001a6       0x2d .\CortexM3\ARM_GCC_541\Debug\Cm3Start.o
 .ARM.attributes
                0x000001d3       0x2d .\CortexM3\ARM_GCC_541\Debug\Design01.a(CyLib.o)
 .ARM.attributes
                0x00000200       0x2d .\CortexM3\ARM_GCC_541\Debug\Design01.a(cyPm.o)
 .ARM.attributes
                0x0000022d       0x2d .\CortexM3\ARM_GCC_541\Debug\Design01.a(UART_tester.o)
 .ARM.attributes
                0x0000025a       0x2d .\CortexM3\ARM_GCC_541\Debug\Design01.a(UART_tester_IntClock.o)
 .ARM.attributes
                0x00000287       0x2d .\CortexM3\ARM_GCC_541\Debug\Design01.a(LED.o)
 .ARM.attributes
                0x000002b4       0x2d .\CortexM3\ARM_GCC_541\Debug\Design01.a(SPIS_1.o)
 .ARM.attributes
                0x000002e1       0x2d .\CortexM3\ARM_GCC_541\Debug\Design01.a(isr_1.o)
 .ARM.attributes
                0x0000030e       0x2d .\CortexM3\ARM_GCC_541\Debug\Design01.a(Pin_A1.o)
 .ARM.attributes
                0x0000033b       0x2d .\CortexM3\ARM_GCC_541\Debug\Design01.a(Pin_B1.o)
 .ARM.attributes
                0x00000368       0x2d .\CortexM3\ARM_GCC_541\Debug\Design01.a(Pin_B2.o)
 .ARM.attributes
                0x00000395       0x2d .\CortexM3\ARM_GCC_541\Debug\Design01.a(Motor_Calibration_Sensor.o)
 .ARM.attributes
                0x000003c2       0x2d .\CortexM3\ARM_GCC_541\Debug\Design01.a(Pin_A2.o)
 .ARM.attributes
                0x000003ef       0x2d .\CortexM3\ARM_GCC_541\Debug\Design01.a(Pill_Container_Sensor.o)
 .ARM.attributes
                0x0000041c       0x2d .\CortexM3\ARM_GCC_541\Debug\Design01.a(RPI_INT.o)
 .ARM.attributes
                0x00000449       0x2d .\CortexM3\ARM_GCC_541\Debug\Design01.a(Pin_C1.o)
 .ARM.attributes
                0x00000476       0x2d .\CortexM3\ARM_GCC_541\Debug\Design01.a(Pin_C2.o)
 .ARM.attributes
                0x000004a3       0x2d .\CortexM3\ARM_GCC_541\Debug\Design01.a(Pin_D1.o)
 .ARM.attributes
                0x000004d0       0x2d .\CortexM3\ARM_GCC_541\Debug\Design01.a(Pin_D2.o)
 .ARM.attributes
                0x000004fd       0x21 .\CortexM3\ARM_GCC_541\Debug\Design01.a(CyBootAsmGnu.o)
 .ARM.attributes
                0x0000051e       0x2d .\CortexM3\ARM_GCC_541\Debug\Design01.a(CyFlash.o)
 .ARM.attributes
                0x0000054b       0x2d .\CortexM3\ARM_GCC_541\Debug\Design01.a(CySpc.o)
 .ARM.attributes
                0x00000578       0x1d c:/program files (x86)/cypress/psoc creator/4.2/psoc creator/import/gnu/arm/5.4.1/bin/../lib/gcc/arm-none-eabi/9.2.1/thumb/v7-m/nofp\libgcc.a(_arm_addsubdf3.o)
 .ARM.attributes
                0x00000595       0x1d c:/program files (x86)/cypress/psoc creator/4.2/psoc creator/import/gnu/arm/5.4.1/bin/../lib/gcc/arm-none-eabi/9.2.1/thumb/v7-m/nofp\libgcc.a(_arm_cmpdf2.o)
 .ARM.attributes
                0x000005b2       0x1d c:/program files (x86)/cypress/psoc creator/4.2/psoc creator/import/gnu/arm/5.4.1/bin/../lib/gcc/arm-none-eabi/9.2.1/thumb/v7-m/nofp\libgcc.a(_arm_truncdfsf2.o)
 .ARM.attributes
                0x000005cf       0x1d c:/program files (x86)/cypress/psoc creator/4.2/psoc creator/import/gnu/arm/5.4.1/bin/../lib/gcc/arm-none-eabi/9.2.1/thumb/v7-m/nofp\libgcc.a(_arm_addsubsf3.o)
 .ARM.attributes
                0x000005ec       0x1d c:/program files (x86)/cypress/psoc creator/4.2/psoc creator/import/gnu/arm/5.4.1/bin/../lib/gcc/arm-none-eabi/9.2.1/thumb/v7-m/nofp\libgcc.a(_arm_cmpsf2.o)
 .ARM.attributes
                0x00000609       0x2d c:/program files (x86)/cypress/psoc creator/4.2/psoc creator/import/gnu/arm/5.4.1/bin/../lib/gcc/arm-none-eabi/9.2.1/../../../../arm-none-eabi/lib/thumb/v7-m/nofp\libg_nano.a(lib_a-calloc.o)
 .ARM.attributes
                0x00000636       0x2d c:/program files (x86)/cypress/psoc creator/4.2/psoc creator/import/gnu/arm/5.4.1/bin/../lib/gcc/arm-none-eabi/9.2.1/../../../../arm-none-eabi/lib/thumb/v7-m/nofp\libg_nano.a(lib_a-errno.o)
 .ARM.attributes
                0x00000663       0x2d c:/program files (x86)/cypress/psoc creator/4.2/psoc creator/import/gnu/arm/5.4.1/bin/../lib/gcc/arm-none-eabi/9.2.1/../../../../arm-none-eabi/lib/thumb/v7-m/nofp\libg_nano.a(lib_a-exit.o)
 .ARM.attributes
                0x00000690       0x2d c:/program files (x86)/cypress/psoc creator/4.2/psoc creator/import/gnu/arm/5.4.1/bin/../lib/gcc/arm-none-eabi/9.2.1/../../../../arm-none-eabi/lib/thumb/v7-m/nofp\libg_nano.a(lib_a-impure.o)
 .ARM.attributes
                0x000006bd       0x2d c:/program files (x86)/cypress/psoc creator/4.2/psoc creator/import/gnu/arm/5.4.1/bin/../lib/gcc/arm-none-eabi/9.2.1/../../../../arm-none-eabi/lib/thumb/v7-m/nofp\libg_nano.a(lib_a-init.o)
 .ARM.attributes
                0x000006ea       0x2d c:/program files (x86)/cypress/psoc creator/4.2/psoc creator/import/gnu/arm/5.4.1/bin/../lib/gcc/arm-none-eabi/9.2.1/../../../../arm-none-eabi/lib/thumb/v7-m/nofp\libg_nano.a(lib_a-memcpy-stub.o)
 .ARM.attributes
                0x00000717       0x2d c:/program files (x86)/cypress/psoc creator/4.2/psoc creator/import/gnu/arm/5.4.1/bin/../lib/gcc/arm-none-eabi/9.2.1/../../../../arm-none-eabi/lib/thumb/v7-m/nofp\libg_nano.a(lib_a-memset.o)
 .ARM.attributes
                0x00000744       0x2d c:/program files (x86)/cypress/psoc creator/4.2/psoc creator/import/gnu/arm/5.4.1/bin/../lib/gcc/arm-none-eabi/9.2.1/../../../../arm-none-eabi/lib/thumb/v7-m/nofp\libg_nano.a(lib_a-nano-callocr.o)
 .ARM.attributes
                0x00000771       0x2d c:/program files (x86)/cypress/psoc creator/4.2/psoc creator/import/gnu/arm/5.4.1/bin/../lib/gcc/arm-none-eabi/9.2.1/../../../../arm-none-eabi/lib/thumb/v7-m/nofp\libg_nano.a(lib_a-nano-mallocr.o)
 .ARM.attributes
                0x0000079e       0x2d c:/program files (x86)/cypress/psoc creator/4.2/psoc creator/import/gnu/arm/5.4.1/bin/../lib/gcc/arm-none-eabi/9.2.1/../../../../arm-none-eabi/lib/thumb/v7-m/nofp\libg_nano.a(lib_a-rand.o)
 .ARM.attributes
                0x000007cb       0x2d c:/program files (x86)/cypress/psoc creator/4.2/psoc creator/import/gnu/arm/5.4.1/bin/../lib/gcc/arm-none-eabi/9.2.1/../../../../arm-none-eabi/lib/thumb/v7-m/nofp\libg_nano.a(lib_a-sbrkr.o)
 .ARM.attributes
                0x000007f8       0x2d c:/program files (x86)/cypress/psoc creator/4.2/psoc creator/import/gnu/arm/5.4.1/bin/../lib/gcc/arm-none-eabi/9.2.1/../../../../arm-none-eabi/lib/thumb/v7-m/nofp\libg_nano.a(lib_a-snprintf.o)
 .ARM.attributes
                0x00000825       0x2d c:/program files (x86)/cypress/psoc creator/4.2/psoc creator/import/gnu/arm/5.4.1/bin/../lib/gcc/arm-none-eabi/9.2.1/../../../../arm-none-eabi/lib/thumb/v7-m/nofp\libg_nano.a(lib_a-time.o)
 .ARM.attributes
                0x00000852       0x2d c:/program files (x86)/cypress/psoc creator/4.2/psoc creator/import/gnu/arm/5.4.1/bin/../lib/gcc/arm-none-eabi/9.2.1/../../../../arm-none-eabi/lib/thumb/v7-m/nofp\libg_nano.a(lib_a-gettimeofdayr.o)
 .ARM.attributes
                0x0000087f       0x2d c:/program files (x86)/cypress/psoc creator/4.2/psoc creator/import/gnu/arm/5.4.1/bin/../lib/gcc/arm-none-eabi/9.2.1/../../../../arm-none-eabi/lib/thumb/v7-m/nofp\libg_nano.a(lib_a-malloc.o)
 .ARM.attributes
                0x000008ac       0x2d c:/program files (x86)/cypress/psoc creator/4.2/psoc creator/import/gnu/arm/5.4.1/bin/../lib/gcc/arm-none-eabi/9.2.1/../../../../arm-none-eabi/lib/thumb/v7-m/nofp\libg_nano.a(lib_a-mlock.o)
 .ARM.attributes
                0x000008d9       0x2d c:/program files (x86)/cypress/psoc creator/4.2/psoc creator/import/gnu/arm/5.4.1/bin/../lib/gcc/arm-none-eabi/9.2.1/../../../../arm-none-eabi/lib/thumb/v7-m/nofp\libg_nano.a(lib_a-nano-freer.o)
 .ARM.attributes
                0x00000906       0x2d c:/program files (x86)/cypress/psoc creator/4.2/psoc creator/import/gnu/arm/5.4.1/bin/../lib/gcc/arm-none-eabi/9.2.1/../../../../arm-none-eabi/lib/thumb/v7-m/nofp\libg_nano.a(lib_a-nano-svfprintf.o)
 .ARM.attributes
                0x00000933       0x2d c:/program files (x86)/cypress/psoc creator/4.2/psoc creator/import/gnu/arm/5.4.1/bin/../lib/gcc/arm-none-eabi/9.2.1/../../../../arm-none-eabi/lib/thumb/v7-m/nofp\libg_nano.a(lib_a-nano-vfprintf_i.o)
 .ARM.attributes
                0x00000960       0x2d c:/program files (x86)/cypress/psoc creator/4.2/psoc creator/import/gnu/arm/5.4.1/bin/../lib/gcc/arm-none-eabi/9.2.1/../../../../arm-none-eabi/lib/thumb/v7-m/nofp\libg_nano.a(lib_a-reent.o)
 .ARM.attributes
                0x0000098d       0x2d c:/program files (x86)/cypress/psoc creator/4.2/psoc creator/import/gnu/arm/5.4.1/bin/../lib/gcc/arm-none-eabi/9.2.1/../../../../arm-none-eabi/lib/thumb/v7-m/nofp\libg_nano.a(lib_a-lock.o)
 .ARM.attributes
                0x000009ba       0x2d c:/program files (x86)/cypress/psoc creator/4.2/psoc creator/import/gnu/arm/5.4.1/bin/../lib/gcc/arm-none-eabi/9.2.1/../../../../arm-none-eabi/lib/thumb/v7-m/nofp\libg_nano.a(lib_a-memchr-stub.o)
 .ARM.attributes
                0x000009e7       0x2d c:/program files (x86)/cypress/psoc creator/4.2/psoc creator/import/gnu/arm/5.4.1/bin/../lib/gcc/arm-none-eabi/9.2.1/../../../../arm-none-eabi/lib/thumb/v7-m/nofp\libg_nano.a(lib_a-memmove.o)
 .ARM.attributes
                0x00000a14       0x2d c:/program files (x86)/cypress/psoc creator/4.2/psoc creator/import/gnu/arm/5.4.1/bin/../lib/gcc/arm-none-eabi/9.2.1/../../../../arm-none-eabi/lib/thumb/v7-m/nofp\libg_nano.a(lib_a-nano-reallocr.o)
 .ARM.attributes
                0x00000a41       0x2d c:/program files (x86)/cypress/psoc creator/4.2/psoc creator/import/gnu/arm/5.4.1/bin/../lib/gcc/arm-none-eabi/9.2.1/../../../../arm-none-eabi/lib/thumb/v7-m/nofp\libg_nano.a(lib_a-nano-msizer.o)
 .ARM.attributes
                0x00000a6e       0x2d c:/program files (x86)/cypress/psoc creator/4.2/psoc creator/import/gnu/arm/5.4.1/bin/../lib/gcc/arm-none-eabi/9.2.1/thumb/v7-m/nofp/crtend.o
 .ARM.attributes
                0x00000a9b       0x1d c:/program files (x86)/cypress/psoc creator/4.2/psoc creator/import/gnu/arm/5.4.1/bin/../lib/gcc/arm-none-eabi/9.2.1/thumb/v7-m/nofp/crtn.o
 .ARM.attributes
                0x00000ab8       0x2d c:/program files (x86)/cypress/psoc creator/4.2/psoc creator/import/gnu/arm/5.4.1/bin/../lib/gcc/arm-none-eabi/9.2.1/../../../../arm-none-eabi/lib/thumb/v7-m/nofp\libnosys.a(gettod.o)

/DISCARD/
 *(.note.GNU-stack)
OUTPUT(C:\Users\jens-\3.Projekt\Projekt3\Proj3_PSOC_C\Design01.cydsn\CortexM3\ARM_GCC_541\Debug\Design01.elf elf32-littlearm)
